Archive member included to satisfy reference by file (symbol)

d:/program files (x86)/stm32cubeide_1.9.0/stm32cubeide/plugins/com.st.stm32cube.ide.mcu.externaltools.gnu-tools-for-stm32.10.3-2021.10.win32_1.0.0.202111181127/tools/bin/../lib/gcc/arm-none-eabi/10.3.1/../../../../arm-none-eabi/lib/thumb/v7e-m+fp/hard\libc_nano.a(lib_a-errno.o)
                              ./Core/Src/syscalls.o (__errno)
d:/program files (x86)/stm32cubeide_1.9.0/stm32cubeide/plugins/com.st.stm32cube.ide.mcu.externaltools.gnu-tools-for-stm32.10.3-2021.10.win32_1.0.0.202111181127/tools/bin/../lib/gcc/arm-none-eabi/10.3.1/../../../../arm-none-eabi/lib/thumb/v7e-m+fp/hard\libc_nano.a(lib_a-exit.o)
                              d:/program files (x86)/stm32cubeide_1.9.0/stm32cubeide/plugins/com.st.stm32cube.ide.mcu.externaltools.gnu-tools-for-stm32.10.3-2021.10.win32_1.0.0.202111181127/tools/bin/../lib/gcc/arm-none-eabi/10.3.1/../../../../arm-none-eabi/lib/thumb/v7e-m+fp/hard/crt0.o (exit)
d:/program files (x86)/stm32cubeide_1.9.0/stm32cubeide/plugins/com.st.stm32cube.ide.mcu.externaltools.gnu-tools-for-stm32.10.3-2021.10.win32_1.0.0.202111181127/tools/bin/../lib/gcc/arm-none-eabi/10.3.1/../../../../arm-none-eabi/lib/thumb/v7e-m+fp/hard\libc_nano.a(lib_a-impure.o)
                              d:/program files (x86)/stm32cubeide_1.9.0/stm32cubeide/plugins/com.st.stm32cube.ide.mcu.externaltools.gnu-tools-for-stm32.10.3-2021.10.win32_1.0.0.202111181127/tools/bin/../lib/gcc/arm-none-eabi/10.3.1/../../../../arm-none-eabi/lib/thumb/v7e-m+fp/hard\libc_nano.a(lib_a-exit.o) (_global_impure_ptr)
d:/program files (x86)/stm32cubeide_1.9.0/stm32cubeide/plugins/com.st.stm32cube.ide.mcu.externaltools.gnu-tools-for-stm32.10.3-2021.10.win32_1.0.0.202111181127/tools/bin/../lib/gcc/arm-none-eabi/10.3.1/../../../../arm-none-eabi/lib/thumb/v7e-m+fp/hard\libc_nano.a(lib_a-init.o)
                              d:/program files (x86)/stm32cubeide_1.9.0/stm32cubeide/plugins/com.st.stm32cube.ide.mcu.externaltools.gnu-tools-for-stm32.10.3-2021.10.win32_1.0.0.202111181127/tools/bin/../lib/gcc/arm-none-eabi/10.3.1/../../../../arm-none-eabi/lib/thumb/v7e-m+fp/hard/crt0.o (__libc_init_array)
d:/program files (x86)/stm32cubeide_1.9.0/stm32cubeide/plugins/com.st.stm32cube.ide.mcu.externaltools.gnu-tools-for-stm32.10.3-2021.10.win32_1.0.0.202111181127/tools/bin/../lib/gcc/arm-none-eabi/10.3.1/../../../../arm-none-eabi/lib/thumb/v7e-m+fp/hard\libc_nano.a(lib_a-memset.o)
                              d:/program files (x86)/stm32cubeide_1.9.0/stm32cubeide/plugins/com.st.stm32cube.ide.mcu.externaltools.gnu-tools-for-stm32.10.3-2021.10.win32_1.0.0.202111181127/tools/bin/../lib/gcc/arm-none-eabi/10.3.1/../../../../arm-none-eabi/lib/thumb/v7e-m+fp/hard/crt0.o (memset)

Discarded input sections

 .text          0x0000000000000000        0x0 d:/program files (x86)/stm32cubeide_1.9.0/stm32cubeide/plugins/com.st.stm32cube.ide.mcu.externaltools.gnu-tools-for-stm32.10.3-2021.10.win32_1.0.0.202111181127/tools/bin/../lib/gcc/arm-none-eabi/10.3.1/thumb/v7e-m+fp/hard/crti.o
 .data          0x0000000000000000        0x0 d:/program files (x86)/stm32cubeide_1.9.0/stm32cubeide/plugins/com.st.stm32cube.ide.mcu.externaltools.gnu-tools-for-stm32.10.3-2021.10.win32_1.0.0.202111181127/tools/bin/../lib/gcc/arm-none-eabi/10.3.1/thumb/v7e-m+fp/hard/crti.o
 .bss           0x0000000000000000        0x0 d:/program files (x86)/stm32cubeide_1.9.0/stm32cubeide/plugins/com.st.stm32cube.ide.mcu.externaltools.gnu-tools-for-stm32.10.3-2021.10.win32_1.0.0.202111181127/tools/bin/../lib/gcc/arm-none-eabi/10.3.1/thumb/v7e-m+fp/hard/crti.o
 .data          0x0000000000000000        0x4 d:/program files (x86)/stm32cubeide_1.9.0/stm32cubeide/plugins/com.st.stm32cube.ide.mcu.externaltools.gnu-tools-for-stm32.10.3-2021.10.win32_1.0.0.202111181127/tools/bin/../lib/gcc/arm-none-eabi/10.3.1/thumb/v7e-m+fp/hard/crtbegin.o
 .rodata        0x0000000000000000       0x24 d:/program files (x86)/stm32cubeide_1.9.0/stm32cubeide/plugins/com.st.stm32cube.ide.mcu.externaltools.gnu-tools-for-stm32.10.3-2021.10.win32_1.0.0.202111181127/tools/bin/../lib/gcc/arm-none-eabi/10.3.1/thumb/v7e-m+fp/hard/crtbegin.o
 .text          0x0000000000000000       0x7c d:/program files (x86)/stm32cubeide_1.9.0/stm32cubeide/plugins/com.st.stm32cube.ide.mcu.externaltools.gnu-tools-for-stm32.10.3-2021.10.win32_1.0.0.202111181127/tools/bin/../lib/gcc/arm-none-eabi/10.3.1/../../../../arm-none-eabi/lib/thumb/v7e-m+fp/hard/crt0.o
 .data          0x0000000000000000        0x0 d:/program files (x86)/stm32cubeide_1.9.0/stm32cubeide/plugins/com.st.stm32cube.ide.mcu.externaltools.gnu-tools-for-stm32.10.3-2021.10.win32_1.0.0.202111181127/tools/bin/../lib/gcc/arm-none-eabi/10.3.1/../../../../arm-none-eabi/lib/thumb/v7e-m+fp/hard/crt0.o
[...]
Memory Configuration

Name             Origin             Length             Attributes
CCMRAM           0x0000000010000000 0x0000000000001000 xrw
RAM              0x0000000020000000 0x0000000000003000 xrw
FLASH            0x0000000008000000 0x0000000000010000 xr
*default*        0x0000000000000000 0xffffffffffffffff

Linker script and memory map

LOAD d:/program files (x86)/stm32cubeide_1.9.0/stm32cubeide/plugins/com.st.stm32cube.ide.mcu.externaltools.gnu-tools-for-stm32.10.3-2021.10.win32_1.0.0.202111181127/tools/bin/../lib/gcc/arm-none-eabi/10.3.1/thumb/v7e-m+fp/hard/crti.o
LOAD d:/program files (x86)/stm32cubeide_1.9.0/stm32cubeide/plugins/com.st.stm32cube.ide.mcu.externaltools.gnu-tools-for-stm32.10.3-2021.10.win32_1.0.0.202111181127/tools/bin/../lib/gcc/arm-none-eabi/10.3.1/thumb/v7e-m+fp/hard/crtbegin.o
LOAD d:/program files (x86)/stm32cubeide_1.9.0/stm32cubeide/plugins/com.st.stm32cube.ide.mcu.externaltools.gnu-tools-for-stm32.10.3-2021.10.win32_1.0.0.202111181127/tools/bin/../lib/gcc/arm-none-eabi/10.3.1/../../../../arm-none-eabi/lib/thumb/v7e-m+fp/hard/crt0.o
LOAD ./Core/Src/CtrlLib.o
LOAD ./Core/Src/Function.o
LOAD ./Core/Src/main.o
LOAD ./Core/Src/stm32f3xx_hal_msp.o
LOAD ./Core/Src/stm32f3xx_it.o
LOAD ./Core/Src/syscalls.o
LOAD ./Core/Src/sysmem.o
LOAD ./Core/Src/system_stm32f3xx.o
LOAD ./Core/Startup/startup_stm32f334r8tx.o
LOAD ./Drivers/STM32F3xx_HAL_Driver/Src/stm32f3xx_hal.o
LOAD ./Drivers/STM32F3xx_HAL_Driver/Src/stm32f3xx_hal_cortex.o
LOAD ./Drivers/STM32F3xx_HAL_Driver/Src/stm32f3xx_hal_dma.o
LOAD ./Drivers/STM32F3xx_HAL_Driver/Src/stm32f3xx_hal_exti.o
LOAD ./Drivers/STM32F3xx_HAL_Driver/Src/stm32f3xx_hal_flash.o
LOAD ./Drivers/STM32F3xx_HAL_Driver/Src/stm32f3xx_hal_flash_ex.o
LOAD ./Drivers/STM32F3xx_HAL_Driver/Src/stm32f3xx_hal_gpio.o
LOAD ./Drivers/STM32F3xx_HAL_Driver/Src/stm32f3xx_hal_i2c.o
LOAD ./Drivers/STM32F3xx_HAL_Driver/Src/stm32f3xx_hal_i2c_ex.o
LOAD ./Drivers/STM32F3xx_HAL_Driver/Src/stm32f3xx_hal_pwr.o
LOAD ./Drivers/STM32F3xx_HAL_Driver/Src/stm32f3xx_hal_pwr_ex.o
LOAD ./Drivers/STM32F3xx_HAL_Driver/Src/stm32f3xx_hal_rcc.o
LOAD ./Drivers/STM32F3xx_HAL_Driver/Src/stm32f3xx_hal_rcc_ex.o
LOAD ./Drivers/STM32F3xx_HAL_Driver/Src/stm32f3xx_hal_tim.o
LOAD ./Drivers/STM32F3xx_HAL_Driver/Src/stm32f3xx_hal_tim_ex.o
LOAD ./Drivers/STM32F3xx_HAL_Driver/Src/stm32f3xx_ll_adc.o
LOAD ./Drivers/STM32F3xx_HAL_Driver/Src/stm32f3xx_ll_dma.o
LOAD ./Drivers/STM32F3xx_HAL_Driver/Src/stm32f3xx_ll_exti.o
LOAD ./Drivers/STM32F3xx_HAL_Driver/Src/stm32f3xx_ll_gpio.o
LOAD ./Drivers/STM32F3xx_HAL_Driver/Src/stm32f3xx_ll_hrtim.o
LOAD ./Drivers/STM32F3xx_HAL_Driver/Src/stm32f3xx_ll_rcc.o
LOAD ./Drivers/STM32F3xx_HAL_Driver/Src/stm32f3xx_ll_utils.o
LOAD ../Middlewares/ST/ARM/DSP/Lib\libarm_cortexM4lf_math.a
START GROUP
LOAD d:/program files (x86)/stm32cubeide_1.9.0/stm32cubeide/plugins/com.st.stm32cube.ide.mcu.externaltools.gnu-tools-for-stm32.10.3-2021.10.win32_1.0.0.202111181127/tools/bin/../lib/gcc/arm-none-eabi/10.3.1/../../../../arm-none-eabi/lib/thumb/v7e-m+fp/hard\libc_nano.a
LOAD d:/program files (x86)/stm32cubeide_1.9.0/stm32cubeide/plugins/com.st.stm32cube.ide.mcu.externaltools.gnu-tools-for-stm32.10.3-2021.10.win32_1.0.0.202111181127/tools/bin/../lib/gcc/arm-none-eabi/10.3.1/../../../../arm-none-eabi/lib/thumb/v7e-m+fp/hard\libm.a
END GROUP
START GROUP
LOAD d:/program files (x86)/stm32cubeide_1.9.0/stm32cubeide/plugins/com.st.stm32cube.ide.mcu.externaltools.gnu-tools-for-stm32.10.3-2021.10.win32_1.0.0.202111181127/tools/bin/../lib/gcc/arm-none-eabi/10.3.1/thumb/v7e-m+fp/hard\libgcc.a
LOAD d:/program files (x86)/stm32cubeide_1.9.0/stm32cubeide/plugins/com.st.stm32cube.ide.mcu.externaltools.gnu-tools-for-stm32.10.3-2021.10.win32_1.0.0.202111181127/tools/bin/../lib/gcc/arm-none-eabi/10.3.1/../../../../arm-none-eabi/lib/thumb/v7e-m+fp/hard\libc_nano.a
END GROUP
START GROUP
LOAD d:/program files (x86)/stm32cubeide_1.9.0/stm32cubeide/plugins/com.st.stm32cube.ide.mcu.externaltools.gnu-tools-for-stm32.10.3-2021.10.win32_1.0.0.202111181127/tools/bin/../lib/gcc/arm-none-eabi/10.3.1/thumb/v7e-m+fp/hard\libgcc.a
LOAD d:/program files (x86)/stm32cubeide_1.9.0/stm32cubeide/plugins/com.st.stm32cube.ide.mcu.externaltools.gnu-tools-for-stm32.10.3-2021.10.win32_1.0.0.202111181127/tools/bin/../lib/gcc/arm-none-eabi/10.3.1/../../../../arm-none-eabi/lib/thumb/v7e-m+fp/hard\libc_nano.a
LOAD d:/program files (x86)/stm32cubeide_1.9.0/stm32cubeide/plugins/com.st.stm32cube.ide.mcu.externaltools.gnu-tools-for-stm32.10.3-2021.10.win32_1.0.0.202111181127/tools/bin/../lib/gcc/arm-none-eabi/10.3.1/../../../../arm-none-eabi/lib/thumb/v7e-m+fp/hard\libnosys.a
END GROUP
START GROUP
LOAD d:/program files (x86)/stm32cubeide_1.9.0/stm32cubeide/plugins/com.st.stm32cube.ide.mcu.externaltools.gnu-tools-for-stm32.10.3-2021.10.win32_1.0.0.202111181127/tools/bin/../lib/gcc/arm-none-eabi/10.3.1/thumb/v7e-m+fp/hard\libgcc.a
LOAD d:/program files (x86)/stm32cubeide_1.9.0/stm32cubeide/plugins/com.st.stm32cube.ide.mcu.externaltools.gnu-tools-for-stm32.10.3-2021.10.win32_1.0.0.202111181127/tools/bin/../lib/gcc/arm-none-eabi/10.3.1/../../../../arm-none-eabi/lib/thumb/v7e-m+fp/hard\libc_nano.a
LOAD d:/program files (x86)/stm32cubeide_1.9.0/stm32cubeide/plugins/com.st.stm32cube.ide.mcu.externaltools.gnu-tools-for-stm32.10.3-2021.10.win32_1.0.0.202111181127/tools/bin/../lib/gcc/arm-none-eabi/10.3.1/../../../../arm-none-eabi/lib/thumb/v7e-m+fp/hard\libnosys.a
END GROUP
LOAD d:/program files (x86)/stm32cubeide_1.9.0/stm32cubeide/plugins/com.st.stm32cube.ide.mcu.externaltools.gnu-tools-for-stm32.10.3-2021.10.win32_1.0.0.202111181127/tools/bin/../lib/gcc/arm-none-eabi/10.3.1/thumb/v7e-m+fp/hard/crtend.o
LOAD d:/program files (x86)/stm32cubeide_1.9.0/stm32cubeide/plugins/com.st.stm32cube.ide.mcu.externaltools.gnu-tools-for-stm32.10.3-2021.10.win32_1.0.0.202111181127/tools/bin/../lib/gcc/arm-none-eabi/10.3.1/thumb/v7e-m+fp/hard/crtn.o
                0x0000000020003000                _estack = (ORIGIN (RAM) + LENGTH (RAM))
                0x0000000000000200                _Min_Heap_Size = 0x200
                0x0000000000000400                _Min_Stack_Size = 0x400

.isr_vector     0x0000000008000000      0x188
                0x0000000008000000                . = ALIGN (0x4)
 *(.isr_vector)
 .isr_vector    0x0000000008000000      0x188 ./Core/Startup/startup_stm32f334r8tx.o
                0x0000000008000000                g_pfnVectors
                0x0000000008000188                . = ALIGN (0x4)

.text           0x0000000008000188     0x420c
                0x0000000008000188                . = ALIGN (0x4)
 *(.text)
 .text          0x0000000008000188       0x40 d:/program files (x86)/stm32cubeide_1.9.0/stm32cubeide/plugins/com.st.stm32cube.ide.mcu.externaltools.gnu-tools-for-stm32.10.3-2021.10.win32_1.0.0.202111181127/tools/bin/../lib/gcc/arm-none-eabi/10.3.1/thumb/v7e-m+fp/hard/crtbegin.o
 *(.text*)
 .text.First_Order_Transfer_Func_Compute
                0x00000000080001c8       0x62 ./Core/Src/CtrlLib.o
                0x00000000080001c8                First_Order_Transfer_Func_Compute
 .text.First_Order_Transfer_Func_Compute_with_Parameter
                0x000000000800022a       0x2a ./Core/Src/CtrlLib.o
                0x000000000800022a                First_Order_Transfer_Func_Compute_with_Parameter
 .text.LL_ADC_DMA_GetRegAddr
                0x0000000008000254       0x34 ./Core/Src/Function.o
 .text.LL_ADC_Enable
                0x0000000008000288       0x28 ./Core/Src/Function.o
 .text.LL_ADC_StartCalibration
                0x00000000080002b0       0x32 ./Core/Src/Function.o
 .text.LL_ADC_IsCalibrationOnGoing
                0x00000000080002e2       0x28 ./Core/Src/Function.o
 .text.LL_ADC_REG_StartConversion
                0x000000000800030a       0x28 ./Core/Src/Function.o
 .text.LL_ADC_INJ_StartConversion
                0x0000000008000332       0x28 ./Core/Src/Function.o
 .text.LL_ADC_INJ_ReadConversionData32
                0x000000000800035a       0x46 ./Core/Src/Function.o
 .text.LL_ADC_INJ_ReadConversionData12
                0x00000000080003a0       0x46 ./Core/Src/Function.o
 .text.LL_ADC_EnableIT_JEOC
                0x00000000080003e6       0x20 ./Core/Src/Function.o
 .text.LL_HRTIM_EnableOutput
                0x0000000008000406       0x2a ./Core/Src/Function.o
 .text.LL_HRTIM_TIM_CounterEnable
                0x0000000008000430       0x22 ./Core/Src/Function.o
 *fill*         0x0000000008000452        0x2 
 .text.LL_HRTIM_TIM_SetCompare1
                0x0000000008000454       0x58 ./Core/Src/Function.o
 .text.LL_HRTIM_TIM_SetCompare2
                0x00000000080004ac       0x58 ./Core/Src/Function.o
 .text.LL_DMA_EnableChannel
                0x0000000008000504       0x40 ./Core/Src/Function.o
 .text.LL_DMA_SetDataLength
                0x0000000008000544       0x48 ./Core/Src/Function.o
 .text.LL_DMA_SetMemoryAddress
                0x000000000800058c       0x30 ./Core/Src/Function.o
 .text.LL_DMA_SetPeriphAddress
                0x00000000080005bc       0x30 ./Core/Src/Function.o
 .text.LL_DMA_EnableIT_TC
                0x00000000080005ec       0x40 ./Core/Src/Function.o
 .text.setup    0x000000000800062c       0xac ./Core/Src/Function.o
                0x000000000800062c                setup
 .text.loop     0x00000000080006d8       0x28 ./Core/Src/Function.o
                0x00000000080006d8                loop
 .text.ISR_ADC1_JEOC
                0x0000000008000700       0x9c ./Core/Src/Function.o
                0x0000000008000700                ISR_ADC1_JEOC
 .text.ISR_DMA1_TC
                0x000000000800079c       0x7c ./Core/Src/Function.o
                0x000000000800079c                ISR_DMA1_TC
 .text.__NVIC_GetPriorityGrouping
                0x0000000008000818       0x1c ./Core/Src/main.o
 .text.__NVIC_EnableIRQ
                0x0000000008000834       0x3c ./Core/Src/main.o
 .text.__NVIC_SetPriority
                0x0000000008000870       0x54 ./Core/Src/main.o
 .text.NVIC_EncodePriority
                0x00000000080008c4       0x66 ./Core/Src/main.o
 .text.LL_ADC_REG_SetTriggerEdge
                0x000000000800092a       0x26 ./Core/Src/main.o
 .text.LL_ADC_REG_SetSequencerRanks
                0x0000000008000950       0x6e ./Core/Src/main.o
 .text.LL_ADC_INJ_SetTriggerEdge
                0x00000000080009be       0x26 ./Core/Src/main.o
 .text.LL_ADC_INJ_SetSequencerDiscont
                0x00000000080009e4       0x26 ./Core/Src/main.o
 .text.LL_ADC_INJ_SetTrigAuto
                0x0000000008000a0a       0x26 ./Core/Src/main.o
 .text.LL_ADC_INJ_SetQueueMode
                0x0000000008000a30       0x26 ./Core/Src/main.o
 *fill*         0x0000000008000a56        0x2 
 .text.LL_ADC_INJ_ConfigQueueContext
                0x0000000008000a58       0x70 ./Core/Src/main.o
 .text.LL_ADC_SetChannelSamplingTime
                0x0000000008000ac8       0x98 ./Core/Src/main.o
 .text.LL_ADC_SetChannelSingleDiff
                0x0000000008000b60       0x48 ./Core/Src/main.o
 .text.LL_ADC_EnableInternalRegulator
                0x0000000008000ba8       0x34 ./Core/Src/main.o
 .text.LL_ADC_DisableIT_JEOC
                0x0000000008000bdc       0x20 ./Core/Src/main.o
 .text.LL_ADC_DisableIT_JEOS
                0x0000000008000bfc       0x20 ./Core/Src/main.o
 .text.LL_HRTIM_ForceUpdate
                0x0000000008000c1c       0x2c ./Core/Src/main.o
 .text.LL_HRTIM_ConfigADCTrig
                0x0000000008000c48       0x6c ./Core/Src/main.o
 .text.LL_HRTIM_ConfigDLLCalibration
                0x0000000008000cb4       0x30 ./Core/Src/main.o
 .text.LL_HRTIM_TIM_SetPrescaler
                0x0000000008000ce4       0x58 ./Core/Src/main.o
 .text.LL_HRTIM_TIM_SetCounterMode
                0x0000000008000d3c       0x58 ./Core/Src/main.o
 .text.LL_HRTIM_TIM_DisableHalfMode
                0x0000000008000d94       0x50 ./Core/Src/main.o
 .text.LL_HRTIM_TIM_DisableStartOnSync
                0x0000000008000de4       0x50 ./Core/Src/main.o
 .text.LL_HRTIM_TIM_DisableResetOnSync
                0x0000000008000e34       0x50 ./Core/Src/main.o
 .text.LL_HRTIM_TIM_SetDACTrig
                0x0000000008000e84       0x58 ./Core/Src/main.o
 .text.LL_HRTIM_TIM_DisablePreload
                0x0000000008000edc       0x50 ./Core/Src/main.o
 .text.LL_HRTIM_TIM_SetUpdateTrig
                0x0000000008000f2c       0x74 ./Core/Src/main.o
 .text.LL_HRTIM_TIM_SetUpdateGating
                0x0000000008000fa0       0x74 ./Core/Src/main.o
 .text.LL_HRTIM_TIM_DisablePushPullMode
                0x0000000008001014       0x54 ./Core/Src/main.o
 .text.LL_HRTIM_TIM_SetCompareMode
                0x0000000008001068       0xa0 ./Core/Src/main.o
 .text.LL_HRTIM_TIM_SetPeriod
                0x0000000008001108       0x58 ./Core/Src/main.o
 .text.LL_HRTIM_TIM_SetRepetition
                0x0000000008001160       0x58 ./Core/Src/main.o
 .text.LL_HRTIM_TIM_SetCompare1
                0x00000000080011b8       0x58 ./Core/Src/main.o
 .text.LL_HRTIM_TIM_SetCompare2
                0x0000000008001210       0x58 ./Core/Src/main.o
 .text.LL_HRTIM_TIM_SetResetTrig
                0x0000000008001268       0x50 ./Core/Src/main.o
 .text.LL_HRTIM_TIM_DisableDeadTime
                0x00000000080012b8       0x54 ./Core/Src/main.o
 .text.LL_HRTIM_TIM_SetBurstModeOption
                0x000000000800130c       0x52 ./Core/Src/main.o
 *fill*         0x000000000800135e        0x2 
 .text.LL_HRTIM_OUT_SetOutputSetSrc
                0x0000000008001360       0x64 ./Core/Src/main.o
 .text.LL_HRTIM_OUT_SetOutputResetSrc
                0x00000000080013c4       0x64 ./Core/Src/main.o
 .text.LL_HRTIM_OUT_SetPolarity
                0x0000000008001428       0x8c ./Core/Src/main.o
 .text.LL_HRTIM_OUT_SetIdleMode
                0x00000000080014b4       0x8c ./Core/Src/main.o
 .text.LL_HRTIM_OUT_SetIdleLevel
                0x0000000008001540       0x8c ./Core/Src/main.o
 .text.LL_HRTIM_OUT_SetFaultState
                0x00000000080015cc       0x8c ./Core/Src/main.o
 .text.LL_HRTIM_OUT_SetChopperMode
                0x0000000008001658       0x8c ./Core/Src/main.o
 .text.LL_HRTIM_IsActiveFlag_DLLRDY
                0x00000000080016e4       0x2a ./Core/Src/main.o
 *fill*         0x000000000800170e        0x2 
 .text.LL_AHB1_GRP1_EnableClock
                0x0000000008001710       0x30 ./Core/Src/main.o
 .text.LL_APB2_GRP1_EnableClock
                0x0000000008001740       0x30 ./Core/Src/main.o
 .text.LL_DMA_SetDataTransferDirection
                0x0000000008001770       0x4c ./Core/Src/main.o
 .text.LL_DMA_SetMode
                0x00000000080017bc       0x48 ./Core/Src/main.o
 .text.LL_DMA_SetPeriphIncMode
                0x0000000008001804       0x48 ./Core/Src/main.o
 .text.LL_DMA_SetMemoryIncMode
                0x000000000800184c       0x48 ./Core/Src/main.o
 .text.LL_DMA_SetPeriphSize
                0x0000000008001894       0x48 ./Core/Src/main.o
 .text.LL_DMA_SetMemorySize
                0x00000000080018dc       0x48 ./Core/Src/main.o
 .text.LL_DMA_SetChannelPriorityLevel
                0x0000000008001924       0x48 ./Core/Src/main.o
 .text.main     0x000000000800196c       0x26 ./Core/Src/main.o
                0x000000000800196c                main
 .text.SystemClock_Config
                0x0000000008001992       0xc4 ./Core/Src/main.o
                0x0000000008001992                SystemClock_Config
 *fill*         0x0000000008001a56        0x2 
 .text.MX_ADC1_Init
                0x0000000008001a58      0x2f4 ./Core/Src/main.o
 .text.MX_HRTIM1_Init
                0x0000000008001d4c      0x1a8 ./Core/Src/main.o
 .text.MX_DMA_Init
                0x0000000008001ef4       0x4c ./Core/Src/main.o
 .text.MX_GPIO_Init
                0x0000000008001f40       0xb0 ./Core/Src/main.o
 .text.Error_Handler
                0x0000000008001ff0        0xa ./Core/Src/main.o
                0x0000000008001ff0                Error_Handler
 *fill*         0x0000000008001ffa        0x2 
 .text.HAL_MspInit
                0x0000000008001ffc       0x48 ./Core/Src/stm32f3xx_hal_msp.o
                0x0000000008001ffc                HAL_MspInit
 .text.LL_ADC_IsActiveFlag_JEOC
                0x0000000008002044       0x26 ./Core/Src/stm32f3xx_it.o
 .text.LL_ADC_ClearFlag_JEOC
                0x000000000800206a       0x1a ./Core/Src/stm32f3xx_it.o
 .text.LL_DMA_IsActiveFlag_TC1
                0x0000000008002084       0x26 ./Core/Src/stm32f3xx_it.o
 .text.LL_DMA_ClearFlag_GI1
                0x00000000080020aa       0x1a ./Core/Src/stm32f3xx_it.o
 .text.LL_DMA_ClearFlag_TC1
                0x00000000080020c4       0x1a ./Core/Src/stm32f3xx_it.o
 .text.NMI_Handler
                0x00000000080020de        0x6 ./Core/Src/stm32f3xx_it.o
                0x00000000080020de                NMI_Handler
 .text.HardFault_Handler
                0x00000000080020e4        0x6 ./Core/Src/stm32f3xx_it.o
                0x00000000080020e4                HardFault_Handler
 .text.MemManage_Handler
                0x00000000080020ea        0x6 ./Core/Src/stm32f3xx_it.o
                0x00000000080020ea                MemManage_Handler
 .text.BusFault_Handler
                0x00000000080020f0        0x6 ./Core/Src/stm32f3xx_it.o
                0x00000000080020f0                BusFault_Handler
 .text.UsageFault_Handler
                0x00000000080020f6        0x6 ./Core/Src/stm32f3xx_it.o
                0x00000000080020f6                UsageFault_Handler
 .text.SVC_Handler
                0x00000000080020fc        0xe ./Core/Src/stm32f3xx_it.o
                0x00000000080020fc                SVC_Handler
 .text.DebugMon_Handler
                0x000000000800210a        0xe ./Core/Src/stm32f3xx_it.o
                0x000000000800210a                DebugMon_Handler
 .text.PendSV_Handler
                0x0000000008002118        0xe ./Core/Src/stm32f3xx_it.o
                0x0000000008002118                PendSV_Handler
 .text.SysTick_Handler
                0x0000000008002126        0xc ./Core/Src/stm32f3xx_it.o
                0x0000000008002126                SysTick_Handler
 *fill*         0x0000000008002132        0x2 
 .text.DMA1_Channel1_IRQHandler
                0x0000000008002134       0x28 ./Core/Src/stm32f3xx_it.o
                0x0000000008002134                DMA1_Channel1_IRQHandler
 .text.ADC1_2_IRQHandler
                0x000000000800215c       0x22 ./Core/Src/stm32f3xx_it.o
                0x000000000800215c                ADC1_2_IRQHandler
 *fill*         0x000000000800217e        0x2 
 .text.SystemInit
                0x0000000008002180       0x24 ./Core/Src/system_stm32f3xx.o
                0x0000000008002180                SystemInit
 .text.Reset_Handler
                0x00000000080021a4       0x50 ./Core/Startup/startup_stm32f334r8tx.o
                0x00000000080021a4                Reset_Handler
 .text.Default_Handler
                0x00000000080021f4        0x2 ./Core/Startup/startup_stm32f334r8tx.o
                0x00000000080021f4                RTC_Alarm_IRQHandler
                0x00000000080021f4                HRTIM1_Master_IRQHandler
                0x00000000080021f4                TIM1_CC_IRQHandler
                0x00000000080021f4                HRTIM1_FLT_IRQHandler
                0x00000000080021f4                PVD_IRQHandler
                0x00000000080021f4                HRTIM1_TIMD_IRQHandler
                0x00000000080021f4                TAMP_STAMP_IRQHandler
                0x00000000080021f4                EXTI3_IRQHandler
                0x00000000080021f4                EXTI0_IRQHandler
                0x00000000080021f4                FPU_IRQHandler
                0x00000000080021f4                CAN_TX_IRQHandler
                0x00000000080021f4                TIM1_UP_TIM16_IRQHandler
                0x00000000080021f4                HRTIM1_TIME_IRQHandler
                0x00000000080021f4                SPI1_IRQHandler
                0x00000000080021f4                CAN_SCE_IRQHandler
                0x00000000080021f4                HRTIM1_TIMC_IRQHandler
                0x00000000080021f4                DMA1_Channel4_IRQHandler
                0x00000000080021f4                USART3_IRQHandler
                0x00000000080021f4                DMA1_Channel7_IRQHandler
                0x00000000080021f4                TIM7_DAC2_IRQHandler
                0x00000000080021f4                CAN_RX1_IRQHandler
                0x00000000080021f4                I2C1_EV_IRQHandler
                0x00000000080021f4                DMA1_Channel6_IRQHandler
                0x00000000080021f4                TIM3_IRQHandler
                0x00000000080021f4                RCC_IRQHandler
                0x00000000080021f4                Default_Handler
                0x00000000080021f4                EXTI15_10_IRQHandler
                0x00000000080021f4                COMP2_IRQHandler
                0x00000000080021f4                HRTIM1_TIMA_IRQHandler
                0x00000000080021f4                TIM6_DAC1_IRQHandler
                0x00000000080021f4                EXTI9_5_IRQHandler
                0x00000000080021f4                RTC_WKUP_IRQHandler
                0x00000000080021f4                DMA1_Channel5_IRQHandler
                0x00000000080021f4                EXTI4_IRQHandler
                0x00000000080021f4                HRTIM1_TIMB_IRQHandler
                0x00000000080021f4                TIM1_TRG_COM_TIM17_IRQHandler
                0x00000000080021f4                DMA1_Channel3_IRQHandler
                0x00000000080021f4                WWDG_IRQHandler
                0x00000000080021f4                TIM2_IRQHandler
                0x00000000080021f4                EXTI1_IRQHandler
                0x00000000080021f4                COMP4_6_IRQHandler
                0x00000000080021f4                USART2_IRQHandler
                0x00000000080021f4                DMA1_Channel2_IRQHandler
                0x00000000080021f4                FLASH_IRQHandler
                0x00000000080021f4                USART1_IRQHandler
                0x00000000080021f4                CAN_RX0_IRQHandler
                0x00000000080021f4                I2C1_ER_IRQHandler
                0x00000000080021f4                EXTI2_TSC_IRQHandler
                0x00000000080021f4                TIM1_BRK_TIM15_IRQHandler
 *fill*         0x00000000080021f6        0x2 
 .text.HAL_Init
                0x00000000080021f8       0x2c ./Drivers/STM32F3xx_HAL_Driver/Src/stm32f3xx_hal.o
                0x00000000080021f8                HAL_Init
 .text.HAL_InitTick
                0x0000000008002224       0x60 ./Drivers/STM32F3xx_HAL_Driver/Src/stm32f3xx_hal.o
                0x0000000008002224                HAL_InitTick
 .text.HAL_IncTick
                0x0000000008002284       0x28 ./Drivers/STM32F3xx_HAL_Driver/Src/stm32f3xx_hal.o
                0x0000000008002284                HAL_IncTick
 .text.HAL_GetTick
                0x00000000080022ac       0x18 ./Drivers/STM32F3xx_HAL_Driver/Src/stm32f3xx_hal.o
                0x00000000080022ac                HAL_GetTick
 .text.__NVIC_SetPriorityGrouping
                0x00000000080022c4       0x48 ./Drivers/STM32F3xx_HAL_Driver/Src/stm32f3xx_hal_cortex.o
 .text.__NVIC_GetPriorityGrouping
                0x000000000800230c       0x1c ./Drivers/STM32F3xx_HAL_Driver/Src/stm32f3xx_hal_cortex.o
 .text.__NVIC_SetPriority
                0x0000000008002328       0x54 ./Drivers/STM32F3xx_HAL_Driver/Src/stm32f3xx_hal_cortex.o
 .text.NVIC_EncodePriority
                0x000000000800237c       0x66 ./Drivers/STM32F3xx_HAL_Driver/Src/stm32f3xx_hal_cortex.o
 *fill*         0x00000000080023e2        0x2 
 .text.SysTick_Config
                0x00000000080023e4       0x44 ./Drivers/STM32F3xx_HAL_Driver/Src/stm32f3xx_hal_cortex.o
 .text.HAL_NVIC_SetPriorityGrouping
                0x0000000008002428       0x16 ./Drivers/STM32F3xx_HAL_Driver/Src/stm32f3xx_hal_cortex.o
                0x0000000008002428                HAL_NVIC_SetPriorityGrouping
 .text.HAL_NVIC_SetPriority
                0x000000000800243e       0x38 ./Drivers/STM32F3xx_HAL_Driver/Src/stm32f3xx_hal_cortex.o
                0x000000000800243e                HAL_NVIC_SetPriority
 .text.HAL_SYSTICK_Config
                0x0000000008002476       0x18 ./Drivers/STM32F3xx_HAL_Driver/Src/stm32f3xx_hal_cortex.o
                0x0000000008002476                HAL_SYSTICK_Config
 *fill*         0x000000000800248e        0x2 
 .text.HAL_GPIO_Init
                0x0000000008002490      0x2e4 ./Drivers/STM32F3xx_HAL_Driver/Src/stm32f3xx_hal_gpio.o
                0x0000000008002490                HAL_GPIO_Init
 .text.HAL_GPIO_WritePin
                0x0000000008002774       0x30 ./Drivers/STM32F3xx_HAL_Driver/Src/stm32f3xx_hal_gpio.o
                0x0000000008002774                HAL_GPIO_WritePin
 .text.HAL_GPIO_TogglePin
                0x00000000080027a4       0x34 ./Drivers/STM32F3xx_HAL_Driver/Src/stm32f3xx_hal_gpio.o
                0x00000000080027a4                HAL_GPIO_TogglePin
 .text.HAL_RCC_OscConfig
                0x00000000080027d8     0x107c ./Drivers/STM32F3xx_HAL_Driver/Src/stm32f3xx_hal_rcc.o
                0x00000000080027d8                HAL_RCC_OscConfig
 .text.HAL_RCC_ClockConfig
                0x0000000008003854      0x2f8 ./Drivers/STM32F3xx_HAL_Driver/Src/stm32f3xx_hal_rcc.o
                0x0000000008003854                HAL_RCC_ClockConfig
 .text.HAL_RCC_GetSysClockFreq
                0x0000000008003b4c       0xd4 ./Drivers/STM32F3xx_HAL_Driver/Src/stm32f3xx_hal_rcc.o
                0x0000000008003b4c                HAL_RCC_GetSysClockFreq
 .text.HAL_RCCEx_PeriphCLKConfig
                0x0000000008003c20      0x26c ./Drivers/STM32F3xx_HAL_Driver/Src/stm32f3xx_hal_rcc_ex.o
                0x0000000008003c20                HAL_RCCEx_PeriphCLKConfig
 .text.LL_ADC_REG_SetSequencerLength
                0x0000000008003e8c       0x26 ./Drivers/STM32F3xx_HAL_Driver/Src/stm32f3xx_ll_adc.o
 .text.LL_ADC_IsEnabled
                0x0000000008003eb2       0x26 ./Drivers/STM32F3xx_HAL_Driver/Src/stm32f3xx_ll_adc.o
 .text.LL_ADC_CommonInit
                0x0000000008003ed8       0x80 ./Drivers/STM32F3xx_HAL_Driver/Src/stm32f3xx_ll_adc.o
                0x0000000008003ed8                LL_ADC_CommonInit
 .text.LL_ADC_Init
                0x0000000008003f58       0x4c ./Drivers/STM32F3xx_HAL_Driver/Src/stm32f3xx_ll_adc.o
                0x0000000008003f58                LL_ADC_Init
 .text.LL_ADC_REG_Init
                0x0000000008003fa4       0x94 ./Drivers/STM32F3xx_HAL_Driver/Src/stm32f3xx_ll_adc.o
                0x0000000008003fa4                LL_ADC_REG_Init
 .text.LL_GPIO_SetPinMode
                0x0000000008004038       0x5e ./Drivers/STM32F3xx_HAL_Driver/Src/stm32f3xx_ll_gpio.o
 .text.LL_GPIO_SetPinOutputType
                0x0000000008004096       0x30 ./Drivers/STM32F3xx_HAL_Driver/Src/stm32f3xx_ll_gpio.o
 .text.LL_GPIO_SetPinSpeed
                0x00000000080040c6       0x5e ./Drivers/STM32F3xx_HAL_Driver/Src/stm32f3xx_ll_gpio.o
 .text.LL_GPIO_SetPinPull
                0x0000000008004124       0x5e ./Drivers/STM32F3xx_HAL_Driver/Src/stm32f3xx_ll_gpio.o
 .text.LL_GPIO_SetAFPin_0_7
                0x0000000008004182       0x5e ./Drivers/STM32F3xx_HAL_Driver/Src/stm32f3xx_ll_gpio.o
 .text.LL_GPIO_SetAFPin_8_15
                0x00000000080041e0       0x62 ./Drivers/STM32F3xx_HAL_Driver/Src/stm32f3xx_ll_gpio.o
 .text.LL_GPIO_Init
                0x0000000008004242       0xe0 ./Drivers/STM32F3xx_HAL_Driver/Src/stm32f3xx_ll_gpio.o
                0x0000000008004242                LL_GPIO_Init
 *fill*         0x0000000008004322        0x2 
 .text.__libc_init_array
                0x0000000008004324       0x48 d:/program files (x86)/stm32cubeide_1.9.0/stm32cubeide/plugins/com.st.stm32cube.ide.mcu.externaltools.gnu-tools-for-stm32.10.3-2021.10.win32_1.0.0.202111181127/tools/bin/../lib/gcc/arm-none-eabi/10.3.1/../../../../arm-none-eabi/lib/thumb/v7e-m+fp/hard\libc_nano.a(lib_a-init.o)
                0x0000000008004324                __libc_init_array
 .text.memset   0x000000000800436c       0x10 d:/program files (x86)/stm32cubeide_1.9.0/stm32cubeide/plugins/com.st.stm32cube.ide.mcu.externaltools.gnu-tools-for-stm32.10.3-2021.10.win32_1.0.0.202111181127/tools/bin/../lib/gcc/arm-none-eabi/10.3.1/../../../../arm-none-eabi/lib/thumb/v7e-m+fp/hard\libc_nano.a(lib_a-memset.o)
                0x000000000800436c                memset
 *(.glue_7)
 .glue_7        0x000000000800437c        0x0 linker stubs
 *(.glue_7t)
 .glue_7t       0x000000000800437c        0x0 linker stubs
 *(.eh_frame)
 .eh_frame      0x000000000800437c        0x0 d:/program files (x86)/stm32cubeide_1.9.0/stm32cubeide/plugins/com.st.stm32cube.ide.mcu.externaltools.gnu-tools-for-stm32.10.3-2021.10.win32_1.0.0.202111181127/tools/bin/../lib/gcc/arm-none-eabi/10.3.1/thumb/v7e-m+fp/hard/crtbegin.o
 *(.init)
 .init          0x000000000800437c        0x4 d:/program files (x86)/stm32cubeide_1.9.0/stm32cubeide/plugins/com.st.stm32cube.ide.mcu.externaltools.gnu-tools-for-stm32.10.3-2021.10.win32_1.0.0.202111181127/tools/bin/../lib/gcc/arm-none-eabi/10.3.1/thumb/v7e-m+fp/hard/crti.o
                0x000000000800437c                _init
 .init          0x0000000008004380        0x8 d:/program files (x86)/stm32cubeide_1.9.0/stm32cubeide/plugins/com.st.stm32cube.ide.mcu.externaltools.gnu-tools-for-stm32.10.3-2021.10.win32_1.0.0.202111181127/tools/bin/../lib/gcc/arm-none-eabi/10.3.1/thumb/v7e-m+fp/hard/crtn.o
 *(.fini)
 .fini          0x0000000008004388        0x4 d:/program files (x86)/stm32cubeide_1.9.0/stm32cubeide/plugins/com.st.stm32cube.ide.mcu.externaltools.gnu-tools-for-stm32.10.3-2021.10.win32_1.0.0.202111181127/tools/bin/../lib/gcc/arm-none-eabi/10.3.1/thumb/v7e-m+fp/hard/crti.o
                0x0000000008004388                _fini
 .fini          0x000000000800438c        0x8 d:/program files (x86)/stm32cubeide_1.9.0/stm32cubeide/plugins/com.st.stm32cube.ide.mcu.externaltools.gnu-tools-for-stm32.10.3-2021.10.win32_1.0.0.202111181127/tools/bin/../lib/gcc/arm-none-eabi/10.3.1/thumb/v7e-m+fp/hard/crtn.o
                0x0000000008004394                . = ALIGN (0x4)
                0x0000000008004394                _etext = .

.vfp11_veneer   0x0000000008004394        0x0
 .vfp11_veneer  0x0000000008004394        0x0 linker stubs

.v4_bx          0x0000000008004394        0x0
 .v4_bx         0x0000000008004394        0x0 linker stubs

.iplt           0x0000000008004394        0x0
 .iplt          0x0000000008004394        0x0 d:/program files (x86)/stm32cubeide_1.9.0/stm32cubeide/plugins/com.st.stm32cube.ide.mcu.externaltools.gnu-tools-for-stm32.10.3-2021.10.win32_1.0.0.202111181127/tools/bin/../lib/gcc/arm-none-eabi/10.3.1/thumb/v7e-m+fp/hard/crtbegin.o

.rodata         0x0000000008004394       0xd0
                0x0000000008004394                . = ALIGN (0x4)
 *(.rodata)
 *(.rodata*)
 .rodata.REG_OFFSET_TAB_TIMER
                0x0000000008004394        0xc ./Core/Src/Function.o
 .rodata.CHANNEL_OFFSET_TAB
                0x00000000080043a0        0x7 ./Core/Src/Function.o
 *fill*         0x00000000080043a7        0x1 
 .rodata.REG_OFFSET_TAB_TIMER
                0x00000000080043a8        0xc ./Core/Src/main.o
 .rodata.REG_OFFSET_TAB_ADCxR
                0x00000000080043b4        0x4 ./Core/Src/main.o
 .rodata.REG_OFFSET_TAB_SETxR
                0x00000000080043b8       0x14 ./Core/Src/main.o
 .rodata.REG_OFFSET_TAB_OUTxR
                0x00000000080043cc       0x14 ./Core/Src/main.o
 .rodata.REG_MASK_TAB_UPDATETRIG
                0x00000000080043e0       0x18 ./Core/Src/main.o
 .rodata.REG_SHIFT_TAB_UPDATETRIG
                0x00000000080043f8        0x6 ./Core/Src/main.o
 *fill*         0x00000000080043fe        0x2 
 .rodata.REG_MASK_TAB_UPDATEGATING
                0x0000000008004400       0x18 ./Core/Src/main.o
 .rodata.REG_SHIFT_TAB_UPDATEGATING
                0x0000000008004418        0x6 ./Core/Src/main.o
 *fill*         0x000000000800441e        0x2 
 .rodata.REG_SHIFT_TAB_OUTxR
                0x0000000008004420        0xa ./Core/Src/main.o
 *fill*         0x000000000800442a        0x2 
 .rodata.CHANNEL_OFFSET_TAB
                0x000000000800442c        0x7 ./Core/Src/main.o
 *fill*         0x0000000008004433        0x1 
 .rodata.AHBPrescTable
                0x0000000008004434       0x10 ./Core/Src/system_stm32f3xx.o
                0x0000000008004434                AHBPrescTable
 .rodata.aPLLMULFactorTable
                0x0000000008004444       0x10 ./Drivers/STM32F3xx_HAL_Driver/Src/stm32f3xx_hal_rcc.o
 .rodata.aPredivFactorTable
                0x0000000008004454       0x10 ./Drivers/STM32F3xx_HAL_Driver/Src/stm32f3xx_hal_rcc.o
                0x0000000008004464                . = ALIGN (0x4)

.rel.dyn        0x0000000008004464        0x0
 .rel.iplt      0x0000000008004464        0x0 d:/program files (x86)/stm32cubeide_1.9.0/stm32cubeide/plugins/com.st.stm32cube.ide.mcu.externaltools.gnu-tools-for-stm32.10.3-2021.10.win32_1.0.0.202111181127/tools/bin/../lib/gcc/arm-none-eabi/10.3.1/thumb/v7e-m+fp/hard/crtbegin.o

.ARM.extab      0x0000000008004464        0x0
                0x0000000008004464                . = ALIGN (0x4)
 *(.ARM.extab* .gnu.linkonce.armextab.*)
                0x0000000008004464                . = ALIGN (0x4)

.ARM            0x0000000008004464        0x0
                0x0000000008004464                . = ALIGN (0x4)
                0x0000000008004464                __exidx_start = .
 *(.ARM.exidx*)
                0x0000000008004464                __exidx_end = .
                0x0000000008004464                . = ALIGN (0x4)

.preinit_array  0x0000000008004464        0x0
                0x0000000008004464                . = ALIGN (0x4)
                0x0000000008004464                PROVIDE (__preinit_array_start = .)
 *(.preinit_array*)
                0x0000000008004464                PROVIDE (__preinit_array_end = .)
                0x0000000008004464                . = ALIGN (0x4)

.init_array     0x0000000008004464        0x4
                0x0000000008004464                . = ALIGN (0x4)
                0x0000000008004464                PROVIDE (__init_array_start = .)
 *(SORT_BY_NAME(.init_array.*))
 *(.init_array*)
 .init_array    0x0000000008004464        0x4 d:/program files (x86)/stm32cubeide_1.9.0/stm32cubeide/plugins/com.st.stm32cube.ide.mcu.externaltools.gnu-tools-for-stm32.10.3-2021.10.win32_1.0.0.202111181127/tools/bin/../lib/gcc/arm-none-eabi/10.3.1/thumb/v7e-m+fp/hard/crtbegin.o
                0x0000000008004468                PROVIDE (__init_array_end = .)
                0x0000000008004468                . = ALIGN (0x4)

.fini_array     0x0000000008004468        0x4
                0x0000000008004468                . = ALIGN (0x4)
                [!provide]                        PROVIDE (__fini_array_start = .)
 *(SORT_BY_NAME(.fini_array.*))
 *(.fini_array*)
 .fini_array    0x0000000008004468        0x4 d:/program files (x86)/stm32cubeide_1.9.0/stm32cubeide/plugins/com.st.stm32cube.ide.mcu.externaltools.gnu-tools-for-stm32.10.3-2021.10.win32_1.0.0.202111181127/tools/bin/../lib/gcc/arm-none-eabi/10.3.1/thumb/v7e-m+fp/hard/crtbegin.o
                [!provide]                        PROVIDE (__fini_array_end = .)
                0x000000000800446c                . = ALIGN (0x4)
                0x000000000800446c                _sidata = LOADADDR (.data)

.data           0x0000000020000000      0x110 load address 0x000000000800446c
                0x0000000020000000                . = ALIGN (0x4)
                0x0000000020000000                _sdata = .
 *(.data)
 *(.data*)
 .data.Vout     0x0000000020000000       0x34 ./Core/Src/Function.o
                0x0000000020000000                Vout
 .data.Vin      0x0000000020000034       0x34 ./Core/Src/Function.o
                0x0000000020000034                Vin
 .data.IL       0x0000000020000068       0x34 ./Core/Src/Function.o
                0x0000000020000068                IL
 .data.Iout     0x000000002000009c       0x34 ./Core/Src/Function.o
                0x000000002000009c                Iout
 .data.Iin      0x00000000200000d0       0x34 ./Core/Src/Function.o
                0x00000000200000d0                Iin
 .data.SystemCoreClock
                0x0000000020000104        0x4 ./Core/Src/system_stm32f3xx.o
                0x0000000020000104                SystemCoreClock
 .data.uwTickPrio
                0x0000000020000108        0x4 ./Drivers/STM32F3xx_HAL_Driver/Src/stm32f3xx_hal.o
                0x0000000020000108                uwTickPrio
 .data.uwTickFreq
                0x000000002000010c        0x1 ./Drivers/STM32F3xx_HAL_Driver/Src/stm32f3xx_hal.o
                0x000000002000010c                uwTickFreq
 *(.RamFunc)
 *(.RamFunc*)
                0x0000000020000110                . = ALIGN (0x4)
 *fill*         0x000000002000010d        0x3 
                0x0000000020000110                _edata = .
                0x000000000800457c                _siccmram = LOADADDR (.ccmram)

.igot.plt       0x0000000020000110        0x0 load address 0x000000000800457c
 .igot.plt      0x0000000020000110        0x0 d:/program files (x86)/stm32cubeide_1.9.0/stm32cubeide/plugins/com.st.stm32cube.ide.mcu.externaltools.gnu-tools-for-stm32.10.3-2021.10.win32_1.0.0.202111181127/tools/bin/../lib/gcc/arm-none-eabi/10.3.1/thumb/v7e-m+fp/hard/crtbegin.o

.ccmram         0x0000000010000000        0x0 load address 0x000000000800457c
                0x0000000010000000                . = ALIGN (0x4)
                0x0000000010000000                _sccmram = .
 *(.ccmram)
 *(.ccmram*)
                0x0000000010000000                . = ALIGN (0x4)
                0x0000000010000000                _eccmram = .
                0x0000000010000000                . = ALIGN (0x4)

.bss            0x0000000020000110       0x2c
                0x0000000020000110                _sbss = .
                0x0000000020000110                __bss_start__ = _sbss
 *(.bss)
 .bss           0x0000000020000110       0x1c d:/program files (x86)/stm32cubeide_1.9.0/stm32cubeide/plugins/com.st.stm32cube.ide.mcu.externaltools.gnu-tools-for-stm32.10.3-2021.10.win32_1.0.0.202111181127/tools/bin/../lib/gcc/arm-none-eabi/10.3.1/thumb/v7e-m+fp/hard/crtbegin.o
 *(.bss*)
 .bss.ADC_Result_REG
                0x000000002000012c        0x4 ./Core/Src/Function.o
                0x000000002000012c                ADC_Result_REG
 .bss.Test_Tick
                0x0000000020000130        0x4 ./Core/Src/Function.o
                0x0000000020000130                Test_Tick
 .bss.Test_Tick2
                0x0000000020000134        0x4 ./Core/Src/Function.o
                0x0000000020000134                Test_Tick2
 .bss.uwTick    0x0000000020000138        0x4 ./Drivers/STM32F3xx_HAL_Driver/Src/stm32f3xx_hal.o
                0x0000000020000138                uwTick
 *(COMMON)
                0x000000002000013c                . = ALIGN (0x4)
                0x000000002000013c                _ebss = .
                0x000000002000013c                __bss_end__ = _ebss

._user_heap_stack
                0x000000002000013c      0x604
                0x0000000020000140                . = ALIGN (0x8)
 *fill*         0x000000002000013c        0x4 
                [!provide]                        PROVIDE (end = .)
                0x0000000020000140                PROVIDE (_end = .)
                0x0000000020000340                . = (. + _Min_Heap_Size)
 *fill*         0x0000000020000140      0x200 
                0x0000000020000740                . = (. + _Min_Stack_Size)
 *fill*         0x0000000020000340      0x400 
                0x0000000020000740                . = ALIGN (0x8)

/DISCARD/
 libc.a(*)
 libm.a(*)
 libgcc.a(*)

.ARM.attributes
                0x0000000000000000       0x30
 *(.ARM.attributes)
 .ARM.attributes
                0x0000000000000000       0x1e d:/program files (x86)/stm32cubeide_1.9.0/stm32cubeide/plugins/com.st.stm32cube.ide.mcu.externaltools.gnu-tools-for-stm32.10.3-2021.10.win32_1.0.0.202111181127/tools/bin/../lib/gcc/arm-none-eabi/10.3.1/thumb/v7e-m+fp/hard/crti.o
 .ARM.attributes
                0x000000000000001e       0x34 d:/program files (x86)/stm32cubeide_1.9.0/stm32cubeide/plugins/com.st.stm32cube.ide.mcu.externaltools.gnu-tools-for-stm32.10.3-2021.10.win32_1.0.0.202111181127/tools/bin/../lib/gcc/arm-none-eabi/10.3.1/thumb/v7e-m+fp/hard/crtbegin.o
 .ARM.attributes
                0x0000000000000052       0x34 ./Core/Src/CtrlLib.o
 .ARM.attributes
                0x0000000000000086       0x34 ./Core/Src/Function.o
 .ARM.attributes
                0x00000000000000ba       0x34 ./Core/Src/main.o
 .ARM.attributes
                0x00000000000000ee       0x34 ./Core/Src/stm32f3xx_hal_msp.o
 .ARM.attributes
                0x0000000000000122       0x34 ./Core/Src/stm32f3xx_it.o
 .ARM.attributes
                0x0000000000000156       0x34 ./Core/Src/system_stm32f3xx.o
 .ARM.attributes
                0x000000000000018a       0x21 ./Core/Startup/startup_stm32f334r8tx.o
 .ARM.attributes
                0x00000000000001ab       0x34 ./Drivers/STM32F3xx_HAL_Driver/Src/stm32f3xx_hal.o
 .ARM.attributes
                0x00000000000001df       0x34 ./Drivers/STM32F3xx_HAL_Driver/Src/stm32f3xx_hal_cortex.o
 .ARM.attributes
                0x0000000000000213       0x34 ./Drivers/STM32F3xx_HAL_Driver/Src/stm32f3xx_hal_gpio.o
 .ARM.attributes
                0x0000000000000247       0x34 ./Drivers/STM32F3xx_HAL_Driver/Src/stm32f3xx_hal_rcc.o
 .ARM.attributes
                0x000000000000027b       0x34 ./Drivers/STM32F3xx_HAL_Driver/Src/stm32f3xx_hal_rcc_ex.o
 .ARM.attributes
                0x00000000000002af       0x34 ./Drivers/STM32F3xx_HAL_Driver/Src/stm32f3xx_ll_adc.o
 .ARM.attributes
                0x00000000000002e3       0x34 ./Drivers/STM32F3xx_HAL_Driver/Src/stm32f3xx_ll_gpio.o
 .ARM.attributes
                0x0000000000000317       0x34 d:/program files (x86)/stm32cubeide_1.9.0/stm32cubeide/plugins/com.st.stm32cube.ide.mcu.externaltools.gnu-tools-for-stm32.10.3-2021.10.win32_1.0.0.202111181127/tools/bin/../lib/gcc/arm-none-eabi/10.3.1/../../../../arm-none-eabi/lib/thumb/v7e-m+fp/hard\libc_nano.a(lib_a-init.o)
 .ARM.attributes
                0x000000000000034b       0x34 d:/program files (x86)/stm32cubeide_1.9.0/stm32cubeide/plugins/com.st.stm32cube.ide.mcu.externaltools.gnu-tools-for-stm32.10.3-2021.10.win32_1.0.0.202111181127/tools/bin/../lib/gcc/arm-none-eabi/10.3.1/../../../../arm-none-eabi/lib/thumb/v7e-m+fp/hard\libc_nano.a(lib_a-memset.o)
 .ARM.attributes
                0x000000000000037f       0x1e d:/program files (x86)/stm32cubeide_1.9.0/stm32cubeide/plugins/com.st.stm32cube.ide.mcu.externaltools.gnu-tools-for-stm32.10.3-2021.10.win32_1.0.0.202111181127/tools/bin/../lib/gcc/arm-none-eabi/10.3.1/thumb/v7e-m+fp/hard/crtn.o
OUTPUT(LED_Driver.elf elf32-littlearm)
LOAD linker stubs
LOAD d:/program files (x86)/stm32cubeide_1.9.0/stm32cubeide/plugins/com.st.stm32cube.ide.mcu.externaltools.gnu-tools-for-stm32.10.3-2021.10.win32_1.0.0.202111181127/tools/bin/../lib/gcc/arm-none-eabi/10.3.1/../../../../arm-none-eabi/lib/thumb/v7e-m+fp/hard\libc.a
LOAD d:/program files (x86)/stm32cubeide_1.9.0/stm32cubeide/plugins/com.st.stm32cube.ide.mcu.externaltools.gnu-tools-for-stm32.10.3-2021.10.win32_1.0.0.202111181127/tools/bin/../lib/gcc/arm-none-eabi/10.3.1/../../../../arm-none-eabi/lib/thumb/v7e-m+fp/hard\libm.a
LOAD d:/program files (x86)/stm32cubeide_1.9.0/stm32cubeide/plugins/com.st.stm32cube.ide.mcu.externaltools.gnu-tools-for-stm32.10.3-2021.10.win32_1.0.0.202111181127/tools/bin/../lib/gcc/arm-none-eabi/10.3.1/thumb/v7e-m+fp/hard\libgcc.a

.debug_info     0x0000000000000000     0x9fca
 .debug_info    0x0000000000000000      0x939 ./Core/Src/CtrlLib.o
 .debug_info    0x0000000000000939     0x132b ./Core/Src/Function.o
 .debug_info    0x0000000000001c64     0x2e38 ./Core/Src/main.o
 .debug_info    0x0000000000004a9c      0x39f ./Core/Src/stm32f3xx_hal_msp.o
 .debug_info    0x0000000000004e3b      0x679 ./Core/Src/stm32f3xx_it.o
 .debug_info    0x00000000000054b4      0x416 ./Core/Src/system_stm32f3xx.o
 .debug_info    0x00000000000058ca       0x22 ./Core/Startup/startup_stm32f334r8tx.o
 .debug_info    0x00000000000058ec      0x7a7 ./Drivers/STM32F3xx_HAL_Driver/Src/stm32f3xx_hal.o
 .debug_info    0x0000000000006093      0xb4a ./Drivers/STM32F3xx_HAL_Driver/Src/stm32f3xx_hal_cortex.o
 .debug_info    0x0000000000006bdd      0x74e ./Drivers/STM32F3xx_HAL_Driver/Src/stm32f3xx_hal_gpio.o
 .debug_info    0x000000000000732b     0x1585 ./Drivers/STM32F3xx_HAL_Driver/Src/stm32f3xx_hal_rcc.o
 .debug_info    0x00000000000088b0      0x585 ./Drivers/STM32F3xx_HAL_Driver/Src/stm32f3xx_hal_rcc_ex.o
 .debug_info    0x0000000000008e35      0xa3d ./Drivers/STM32F3xx_HAL_Driver/Src/stm32f3xx_ll_adc.o
 .debug_info    0x0000000000009872      0x758 ./Drivers/STM32F3xx_HAL_Driver/Src/stm32f3xx_ll_gpio.o

.debug_abbrev   0x0000000000000000     0x1a04
 .debug_abbrev  0x0000000000000000       0xfd ./Core/Src/CtrlLib.o
 .debug_abbrev  0x00000000000000fd      0x27c ./Core/Src/Function.o
 .debug_abbrev  0x0000000000000379      0x367 ./Core/Src/main.o
 .debug_abbrev  0x00000000000006e0       0xdb ./Core/Src/stm32f3xx_hal_msp.o
 .debug_abbrev  0x00000000000007bb      0x1a2 ./Core/Src/stm32f3xx_it.o
 .debug_abbrev  0x000000000000095d      0x116 ./Core/Src/system_stm32f3xx.o
 .debug_abbrev  0x0000000000000a73       0x12 ./Core/Startup/startup_stm32f334r8tx.o
 .debug_abbrev  0x0000000000000a85      0x20e ./Drivers/STM32F3xx_HAL_Driver/Src/stm32f3xx_hal.o
 .debug_abbrev  0x0000000000000c93      0x2ed ./Drivers/STM32F3xx_HAL_Driver/Src/stm32f3xx_hal_cortex.o
 .debug_abbrev  0x0000000000000f80      0x1bb ./Drivers/STM32F3xx_HAL_Driver/Src/stm32f3xx_hal_gpio.o
 .debug_abbrev  0x000000000000113b      0x2f9 ./Drivers/STM32F3xx_HAL_Driver/Src/stm32f3xx_hal_rcc.o
 .debug_abbrev  0x0000000000001434      0x22d ./Drivers/STM32F3xx_HAL_Driver/Src/stm32f3xx_hal_rcc_ex.o
 .debug_abbrev  0x0000000000001661      0x195 ./Drivers/STM32F3xx_HAL_Driver/Src/stm32f3xx_ll_adc.o
 .debug_abbrev  0x00000000000017f6      0x20e ./Drivers/STM32F3xx_HAL_Driver/Src/stm32f3xx_ll_gpio.o

.debug_aranges  0x0000000000000000      0x8e8
 .debug_aranges
                0x0000000000000000       0xd0 ./Core/Src/CtrlLib.o
 .debug_aranges
                0x00000000000000d0       0xc8 ./Core/Src/Function.o
 .debug_aranges
                0x0000000000000198      0x200 ./Core/Src/main.o
 .debug_aranges
                0x0000000000000398       0x20 ./Core/Src/stm32f3xx_hal_msp.o
 .debug_aranges
                0x00000000000003b8       0x98 ./Core/Src/stm32f3xx_it.o
 .debug_aranges
                0x0000000000000450       0x28 ./Core/Src/system_stm32f3xx.o
 .debug_aranges
                0x0000000000000478       0x28 ./Core/Startup/startup_stm32f334r8tx.o
 .debug_aranges
                0x00000000000004a0       0xe0 ./Drivers/STM32F3xx_HAL_Driver/Src/stm32f3xx_hal.o
 .debug_aranges
                0x0000000000000580      0x100 ./Drivers/STM32F3xx_HAL_Driver/Src/stm32f3xx_hal_cortex.o
 .debug_aranges
                0x0000000000000680       0x58 ./Drivers/STM32F3xx_HAL_Driver/Src/stm32f3xx_hal_gpio.o
 .debug_aranges
                0x00000000000006d8       0x88 ./Drivers/STM32F3xx_HAL_Driver/Src/stm32f3xx_hal_rcc.o
 .debug_aranges
                0x0000000000000760       0x38 ./Drivers/STM32F3xx_HAL_Driver/Src/stm32f3xx_hal_rcc_ex.o
 .debug_aranges
                0x0000000000000798       0xe0 ./Drivers/STM32F3xx_HAL_Driver/Src/stm32f3xx_ll_adc.o
 .debug_aranges
                0x0000000000000878       0x70 ./Drivers/STM32F3xx_HAL_Driver/Src/stm32f3xx_ll_gpio.o

.debug_ranges   0x0000000000000000      0x810
 .debug_ranges  0x0000000000000000       0xc0 ./Core/Src/CtrlLib.o
 .debug_ranges  0x00000000000000c0       0xb8 ./Core/Src/Function.o
 .debug_ranges  0x0000000000000178      0x1f0 ./Core/Src/main.o
 .debug_ranges  0x0000000000000368       0x10 ./Core/Src/stm32f3xx_hal_msp.o
 .debug_ranges  0x0000000000000378       0x88 ./Core/Src/stm32f3xx_it.o
 .debug_ranges  0x0000000000000400       0x18 ./Core/Src/system_stm32f3xx.o
 .debug_ranges  0x0000000000000418       0x20 ./Core/Startup/startup_stm32f334r8tx.o
 .debug_ranges  0x0000000000000438       0xd0 ./Drivers/STM32F3xx_HAL_Driver/Src/stm32f3xx_hal.o
 .debug_ranges  0x0000000000000508       0xf0 ./Drivers/STM32F3xx_HAL_Driver/Src/stm32f3xx_hal_cortex.o
 .debug_ranges  0x00000000000005f8       0x48 ./Drivers/STM32F3xx_HAL_Driver/Src/stm32f3xx_hal_gpio.o
 .debug_ranges  0x0000000000000640       0x78 ./Drivers/STM32F3xx_HAL_Driver/Src/stm32f3xx_hal_rcc.o
 .debug_ranges  0x00000000000006b8       0x28 ./Drivers/STM32F3xx_HAL_Driver/Src/stm32f3xx_hal_rcc_ex.o
 .debug_ranges  0x00000000000006e0       0xd0 ./Drivers/STM32F3xx_HAL_Driver/Src/stm32f3xx_ll_adc.o
 .debug_ranges  0x00000000000007b0       0x60 ./Drivers/STM32F3xx_HAL_Driver/Src/stm32f3xx_ll_gpio.o

.debug_macro    0x0000000000000000    0x21e69
 .debug_macro   0x0000000000000000       0x1a ./Core/Src/CtrlLib.o
 .debug_macro   0x000000000000001a      0xa7e ./Core/Src/CtrlLib.o
 .debug_macro   0x0000000000000a98       0x22 ./Core/Src/CtrlLib.o
 .debug_macro   0x0000000000000aba      0x21e ./Core/Src/Function.o
 .debug_macro   0x0000000000000cd8       0x22 ./Core/Src/Function.o
 .debug_macro   0x0000000000000cfa       0x8e ./Core/Src/Function.o
 .debug_macro   0x0000000000000d88       0x51 ./Core/Src/Function.o
 .debug_macro   0x0000000000000dd9      0x103 ./Core/Src/Function.o
 .debug_macro   0x0000000000000edc       0x6a ./Core/Src/Function.o
 .debug_macro   0x0000000000000f46      0x1df ./Core/Src/Function.o
 .debug_macro   0x0000000000001125      0x14b ./Core/Src/Function.o
 .debug_macro   0x0000000000001270       0x2e ./Core/Src/Function.o
 .debug_macro   0x000000000000129e       0x28 ./Core/Src/Function.o
 .debug_macro   0x00000000000012c6       0x1c ./Core/Src/Function.o
 .debug_macro   0x00000000000012e2       0x22 ./Core/Src/Function.o
 .debug_macro   0x0000000000001304       0xd9 ./Core/Src/Function.o
 .debug_macro   0x00000000000013dd      0xf07 ./Core/Src/Function.o
 .debug_macro   0x00000000000022e4    0x1585b ./Core/Src/Function.o
 .debug_macro   0x0000000000017b3f       0x6d ./Core/Src/Function.o
 .debug_macro   0x0000000000017bac     0x3558 ./Core/Src/Function.o
 .debug_macro   0x000000000001b104      0x174 ./Core/Src/Function.o
 .debug_macro   0x000000000001b278       0x55 ./Core/Src/Function.o
 .debug_macro   0x000000000001b2cd      0x8f8 ./Core/Src/Function.o
 .debug_macro   0x000000000001bbc5      0x358 ./Core/Src/Function.o
 .debug_macro   0x000000000001bf1d      0x1b5 ./Core/Src/Function.o
 .debug_macro   0x000000000001c0d2      0x130 ./Core/Src/Function.o
 .debug_macro   0x000000000001c202      0x1d5 ./Core/Src/Function.o
 .debug_macro   0x000000000001c3d7      0x1bc ./Core/Src/Function.o
 .debug_macro   0x000000000001c593       0x34 ./Core/Src/Function.o
 .debug_macro   0x000000000001c5c7       0x3c ./Core/Src/Function.o
 .debug_macro   0x000000000001c603       0x57 ./Core/Src/Function.o
 .debug_macro   0x000000000001c65a       0xc5 ./Core/Src/Function.o
 .debug_macro   0x000000000001c71f      0x19f ./Core/Src/Function.o
 .debug_macro   0x000000000001c8be      0x22c ./Core/Src/Function.o
 .debug_macro   0x000000000001caea       0x5b ./Core/Src/Function.o
 .debug_macro   0x000000000001cb45       0xa5 ./Core/Src/Function.o
 .debug_macro   0x000000000001cbea       0x81 ./Core/Src/Function.o
 .debug_macro   0x000000000001cc6b       0xd3 ./Core/Src/Function.o
 .debug_macro   0x000000000001cd3e      0x2a1 ./Core/Src/Function.o
 .debug_macro   0x000000000001cfdf      0xd25 ./Core/Src/Function.o
 .debug_macro   0x000000000001dd04     0x104f ./Core/Src/Function.o
 .debug_macro   0x000000000001ed53       0xe7 ./Core/Src/Function.o
 .debug_macro   0x000000000001ee3a       0x28 ./Core/Src/Function.o
 .debug_macro   0x000000000001ee62      0x4d7 ./Core/Src/Function.o
 .debug_macro   0x000000000001f339      0x2c2 ./Core/Src/Function.o
 .debug_macro   0x000000000001f5fb       0x30 ./Core/Src/Function.o
 .debug_macro   0x000000000001f62b       0xa8 ./Core/Src/Function.o
 .debug_macro   0x000000000001f6d3      0x142 ./Core/Src/Function.o
 .debug_macro   0x000000000001f815      0x287 ./Core/Src/Function.o
 .debug_macro   0x000000000001fa9c       0xfe ./Core/Src/Function.o
 .debug_macro   0x000000000001fb9a      0x222 ./Core/Src/main.o
 .debug_macro   0x000000000001fdbc      0x20b ./Core/Src/stm32f3xx_hal_msp.o
 .debug_macro   0x000000000001ffc7      0x215 ./Core/Src/stm32f3xx_it.o
 .debug_macro   0x00000000000201dc      0x19e ./Core/Src/system_stm32f3xx.o
 .debug_macro   0x000000000002037a      0x1c2 ./Drivers/STM32F3xx_HAL_Driver/Src/stm32f3xx_hal.o
 .debug_macro   0x000000000002053c      0x19e ./Drivers/STM32F3xx_HAL_Driver/Src/stm32f3xx_hal_cortex.o
 .debug_macro   0x00000000000206da      0x1a5 ./Drivers/STM32F3xx_HAL_Driver/Src/stm32f3xx_hal_gpio.o
 .debug_macro   0x000000000002087f      0x1c2 ./Drivers/STM32F3xx_HAL_Driver/Src/stm32f3xx_hal_rcc.o
 .debug_macro   0x0000000000020a41      0x19e ./Drivers/STM32F3xx_HAL_Driver/Src/stm32f3xx_hal_rcc_ex.o
 .debug_macro   0x0000000000020bdf      0x24f ./Drivers/STM32F3xx_HAL_Driver/Src/stm32f3xx_ll_adc.o
 .debug_macro   0x0000000000020e2e      0xd1f ./Drivers/STM32F3xx_HAL_Driver/Src/stm32f3xx_ll_adc.o
 .debug_macro   0x0000000000021b4d      0x1e0 ./Drivers/STM32F3xx_HAL_Driver/Src/stm32f3xx_ll_gpio.o
 .debug_macro   0x0000000000021d2d      0x13c ./Drivers/STM32F3xx_HAL_Driver/Src/stm32f3xx_ll_gpio.o

.debug_line     0x0000000000000000     0x90f2
 .debug_line    0x0000000000000000      0x56d ./Core/Src/CtrlLib.o
 .debug_line    0x000000000000056d      0xb07 ./Core/Src/Function.o
 .debug_line    0x0000000000001074     0x1545 ./Core/Src/main.o
 .debug_line    0x00000000000025b9      0x7e1 ./Core/Src/stm32f3xx_hal_msp.o
 .debug_line    0x0000000000002d9a      0x97d ./Core/Src/stm32f3xx_it.o
 .debug_line    0x0000000000003717      0x75a ./Core/Src/system_stm32f3xx.o
 .debug_line    0x0000000000003e71       0x88 ./Core/Startup/startup_stm32f334r8tx.o
 .debug_line    0x0000000000003ef9      0x98f ./Drivers/STM32F3xx_HAL_Driver/Src/stm32f3xx_hal.o
 .debug_line    0x0000000000004888      0xb77 ./Drivers/STM32F3xx_HAL_Driver/Src/stm32f3xx_hal_cortex.o
 .debug_line    0x00000000000053ff      0xada ./Drivers/STM32F3xx_HAL_Driver/Src/stm32f3xx_hal_gpio.o
 .debug_line    0x0000000000005ed9     0x136c ./Drivers/STM32F3xx_HAL_Driver/Src/stm32f3xx_hal_rcc.o
 .debug_line    0x0000000000007245      0xa7a ./Drivers/STM32F3xx_HAL_Driver/Src/stm32f3xx_hal_rcc_ex.o
 .debug_line    0x0000000000007cbf      0xa9b ./Drivers/STM32F3xx_HAL_Driver/Src/stm32f3xx_ll_adc.o
 .debug_line    0x000000000000875a      0x998 ./Drivers/STM32F3xx_HAL_Driver/Src/stm32f3xx_ll_gpio.o

.debug_str      0x0000000000000000    0xcbf47
 .debug_str     0x0000000000000000     0x3129 ./Core/Src/CtrlLib.o
                                       0x3130 (size before relaxing)
 .debug_str     0x0000000000003129    0xc4bb0 ./Core/Src/Function.o
                                      0xc7e75 (size before relaxing)
 .debug_str     0x00000000000c7cd9      0xe33 ./Core/Src/main.o
                                      0xc8bdf (size before relaxing)
 .debug_str     0x00000000000c8b0c       0x2c ./Core/Src/stm32f3xx_hal_msp.o
                                      0xc76f0 (size before relaxing)
 .debug_str     0x00000000000c8b38      0x153 ./Core/Src/stm32f3xx_it.o
                                      0xc78e3 (size before relaxing)
 .debug_str     0x00000000000c8c8b       0x7b ./Core/Src/system_stm32f3xx.o
                                      0xafa76 (size before relaxing)
 .debug_str     0x00000000000c8d06       0x36 ./Core/Startup/startup_stm32f334r8tx.o
                                         0x52 (size before relaxing)
 .debug_str     0x00000000000c8d3c      0x39e ./Drivers/STM32F3xx_HAL_Driver/Src/stm32f3xx_hal.o
                                      0xb01de (size before relaxing)
 .debug_str     0x00000000000c90da      0x1a4 ./Drivers/STM32F3xx_HAL_Driver/Src/stm32f3xx_hal_cortex.o
                                      0xb0103 (size before relaxing)
 .debug_str     0x00000000000c927e      0x159 ./Drivers/STM32F3xx_HAL_Driver/Src/stm32f3xx_hal_gpio.o
                                      0xafc55 (size before relaxing)
 .debug_str     0x00000000000c93d7      0x2c3 ./Drivers/STM32F3xx_HAL_Driver/Src/stm32f3xx_hal_rcc.o
                                      0xaff16 (size before relaxing)
 .debug_str     0x00000000000c969a       0xbe ./Drivers/STM32F3xx_HAL_Driver/Src/stm32f3xx_hal_rcc_ex.o
                                      0xafc2a (size before relaxing)
 .debug_str     0x00000000000c9758     0x2200 ./Drivers/STM32F3xx_HAL_Driver/Src/stm32f3xx_ll_adc.o
                                      0xbb6d4 (size before relaxing)
 .debug_str     0x00000000000cb958      0x5ef ./Drivers/STM32F3xx_HAL_Driver/Src/stm32f3xx_ll_gpio.o
                                      0xb0dbf (size before relaxing)

.comment        0x0000000000000000       0x50
 .comment       0x0000000000000000       0x50 ./Core/Src/CtrlLib.o
                                         0x51 (size before relaxing)
 .comment       0x0000000000000050       0x51 ./Core/Src/Function.o
 .comment       0x0000000000000050       0x51 ./Core/Src/main.o
 .comment       0x0000000000000050       0x51 ./Core/Src/stm32f3xx_hal_msp.o
 .comment       0x0000000000000050       0x51 ./Core/Src/stm32f3xx_it.o
 .comment       0x0000000000000050       0x51 ./Core/Src/system_stm32f3xx.o
 .comment       0x0000000000000050       0x51 ./Drivers/STM32F3xx_HAL_Driver/Src/stm32f3xx_hal.o
 .comment       0x0000000000000050       0x51 ./Drivers/STM32F3xx_HAL_Driver/Src/stm32f3xx_hal_cortex.o
 .comment       0x0000000000000050       0x51 ./Drivers/STM32F3xx_HAL_Driver/Src/stm32f3xx_hal_gpio.o
 .comment       0x0000000000000050       0x51 ./Drivers/STM32F3xx_HAL_Driver/Src/stm32f3xx_hal_rcc.o
 .comment       0x0000000000000050       0x51 ./Drivers/STM32F3xx_HAL_Driver/Src/stm32f3xx_hal_rcc_ex.o
 .comment       0x0000000000000050       0x51 ./Drivers/STM32F3xx_HAL_Driver/Src/stm32f3xx_ll_adc.o
 .comment       0x0000000000000050       0x51 ./Drivers/STM32F3xx_HAL_Driver/Src/stm32f3xx_ll_gpio.o

.debug_frame    0x0000000000000000     0x2444
 .debug_frame   0x0000000000000000      0x38c ./Core/Src/CtrlLib.o
 .debug_frame   0x000000000000038c      0x360 ./Core/Src/Function.o
 .debug_frame   0x00000000000006ec      0x964 ./Core/Src/main.o
 .debug_frame   0x0000000000001050       0x38 ./Core/Src/stm32f3xx_hal_msp.o
 .debug_frame   0x0000000000001088      0x204 ./Core/Src/stm32f3xx_it.o
 .debug_frame   0x000000000000128c       0x58 ./Core/Src/system_stm32f3xx.o
 .debug_frame   0x00000000000012e4      0x334 ./Drivers/STM32F3xx_HAL_Driver/Src/stm32f3xx_hal.o
 .debug_frame   0x0000000000001618      0x428 ./Drivers/STM32F3xx_HAL_Driver/Src/stm32f3xx_hal_cortex.o
 .debug_frame   0x0000000000001a40      0x14c ./Drivers/STM32F3xx_HAL_Driver/Src/stm32f3xx_hal_gpio.o
 .debug_frame   0x0000000000001b8c      0x214 ./Drivers/STM32F3xx_HAL_Driver/Src/stm32f3xx_hal_rcc.o
 .debug_frame   0x0000000000001da0       0xb0 ./Drivers/STM32F3xx_HAL_Driver/Src/stm32f3xx_hal_rcc_ex.o
 .debug_frame   0x0000000000001e50      0x3e8 ./Drivers/STM32F3xx_HAL_Driver/Src/stm32f3xx_ll_adc.o
 .debug_frame   0x0000000000002238      0x1c0 ./Drivers/STM32F3xx_HAL_Driver/Src/stm32f3xx_ll_gpio.o
 .debug_frame   0x00000000000023f8       0x2c d:/program files (x86)/stm32cubeide_1.9.0/stm32cubeide/plugins/com.st.stm32cube.ide.mcu.externaltools.gnu-tools-for-stm32.10.3-2021.10.win32_1.0.0.202111181127/tools/bin/../lib/gcc/arm-none-eabi/10.3.1/../../../../arm-none-eabi/lib/thumb/v7e-m+fp/hard\libc_nano.a(lib_a-init.o)
 .debug_frame   0x0000000000002424       0x20 d:/program files (x86)/stm32cubeide_1.9.0/stm32cubeide/plugins/com.st.stm32cube.ide.mcu.externaltools.gnu-tools-for-stm32.10.3-2021.10.win32_1.0.0.202111181127/tools/bin/../lib/gcc/arm-none-eabi/10.3.1/../../../../arm-none-eabi/lib/thumb/v7e-m+fp/hard\libc_nano.a(lib_a-memset.o)
