../Core/Src/CtrlLib.c:2:6:First_Order_Transfer_Func_Init	24	static
../Core/Src/CtrlLib.c:12:6:First_Order_Transfer_Func_Compute	16	static
../Core/Src/CtrlLib.c:20:7:First_Order_Transfer_Func_Compute_with_Parameter	16	static
../Core/Src/CtrlLib.c:26:6:First_Order_Transfer_Func_Clear	16	static
../Core/Src/CtrlLib.c:33:6:Second_Order_Transfer_Func_Init	24	static
../Core/Src/CtrlLib.c:47:6:Second_Order_Transfer_Func_Compute	16	static
../Core/Src/CtrlLib.c:68:7:Second_Order_Transfer_Func_Compute_with_Parameter	16	static
../Core/Src/CtrlLib.c:74:6:Second_Order_Transfer_Func_Clear	16	static
../Core/Src/CtrlLib.c:83:6:Third_Order_Transfer_Func_Init	24	static
../Core/Src/CtrlLib.c:101:6:Third_Order_Transfer_Func_Compute	16	static
../Core/Src/CtrlLib.c:127:6:Third_Order_Transfer_Func_Clear	16	static
../Core/Src/CtrlLib.c:138:7:Third_Order_Transfer_Func_Compute_with_Parameter	16	static
../Core/Src/CtrlLib.c:144:6:Integrator_Init	24	static
../Core/Src/CtrlLib.c:153:6:Integrator_Compute	16	static
../Core/Src/CtrlLib.c:166:7:Integrator_Compute_with_Parameter	16	static
../Core/Src/CtrlLib.c:172:6:Integrator_Clear	16	static
../Core/Src/CtrlLib.c:178:6:PID_Controller_Init	32	static
../Core/Src/CtrlLib.c:198:6:PID_Controller_Update_Parameter	32	static
../Core/Src/CtrlLib.c:212:6:PID_Controller_Clear_Output	16	static
../Core/Src/CtrlLib.c:221:6:PID_Controller_Compute	16	static
../Core/Src/CtrlLib.c:241:7:PID_Controller_Compute_with_Parameter	16	static
../Core/Src/CtrlLib.c:247:6:SOGI_Init	24	static
../Core/Src/CtrlLib.c:255:6:SOGI_Compute	16	static
