../Drivers/STM32F3xx_HAL_Driver/Inc/stm32f3xx_ll_adc.h:2492:26:LL_ADC_DMA_GetRegAddr	24	static
../Drivers/STM32F3xx_HAL_Driver/Inc/stm32f3xx_ll_adc.h:5835:22:LL_ADC_Enable	16	static
../Drivers/STM32F3xx_HAL_Driver/Inc/stm32f3xx_ll_adc.h:5913:22:LL_ADC_StartCalibration	16	static
../Drivers/STM32F3xx_HAL_Driver/Inc/stm32f3xx_ll_adc.h:5929:26:LL_ADC_IsCalibrationOnGoing	16	static
../Drivers/STM32F3xx_HAL_Driver/Inc/stm32f3xx_ll_adc.h:5960:22:LL_ADC_REG_StartConversion	16	static
../Drivers/STM32F3xx_HAL_Driver/Inc/stm32f3xx_ll_adc.h:6143:22:LL_ADC_INJ_StartConversion	16	static
../Drivers/STM32F3xx_HAL_Driver/Inc/stm32f3xx_ll_adc.h:6212:26:LL_ADC_INJ_ReadConversionData32	32	static,ignoring_inline_asm
../Drivers/STM32F3xx_HAL_Driver/Inc/stm32f3xx_ll_adc.h:6239:26:LL_ADC_INJ_ReadConversionData12	32	static,ignoring_inline_asm
../Drivers/STM32F3xx_HAL_Driver/Inc/stm32f3xx_ll_adc.h:6920:22:LL_ADC_EnableIT_JEOC	16	static
../Drivers/STM32F3xx_HAL_Driver/Inc/stm32f3xx_ll_hrtim.h:1681:22:LL_HRTIM_EnableOutput	16	static
../Drivers/STM32F3xx_HAL_Driver/Inc/stm32f3xx_ll_hrtim.h:2559:22:LL_HRTIM_TIM_CounterEnable	16	static
../Drivers/STM32F3xx_HAL_Driver/Inc/stm32f3xx_ll_hrtim.h:3474:22:LL_HRTIM_TIM_SetCompare1	40	static,ignoring_inline_asm
../Drivers/STM32F3xx_HAL_Driver/Inc/stm32f3xx_ll_hrtim.h:3523:22:LL_HRTIM_TIM_SetCompare2	40	static,ignoring_inline_asm
../Drivers/STM32F3xx_HAL_Driver/Inc/stm32f3xx_ll_dma.h:489:22:LL_DMA_EnableChannel	16	static
../Drivers/STM32F3xx_HAL_Driver/Inc/stm32f3xx_ll_dma.h:915:22:LL_DMA_SetDataLength	24	static
../Drivers/STM32F3xx_HAL_Driver/Inc/stm32f3xx_ll_dma.h:1000:22:LL_DMA_SetMemoryAddress	24	static
../Drivers/STM32F3xx_HAL_Driver/Inc/stm32f3xx_ll_dma.h:1022:22:LL_DMA_SetPeriphAddress	24	static
../Drivers/STM32F3xx_HAL_Driver/Inc/stm32f3xx_ll_dma.h:1797:22:LL_DMA_EnableIT_TC	16	static
../Core/Src/Function.c:94:6:setup	8	static
../Core/Src/Function.c:113:6:loop	8	static
../Core/Src/Function.c:118:6:ISR_ADC1_JEOC	16	static
../Core/Src/Function.c:129:6:ISR_DMA1_TC	16	static
