Component: ARM Compiler 5.06 update 6 (build 750) Tool: armlink [4d35ed]

==============================================================================

Section Cross References

    startup_stm32f334x8.o(STACK) refers (Special) to heapauxi.o(.text) for __use_two_region_memory
    startup_stm32f334x8.o(HEAP) refers (Special) to heapauxi.o(.text) for __use_two_region_memory
    startup_stm32f334x8.o(RESET) refers (Special) to heapauxi.o(.text) for __use_two_region_memory
    startup_stm32f334x8.o(RESET) refers to startup_stm32f334x8.o(STACK) for __initial_sp
    startup_stm32f334x8.o(RESET) refers to startup_stm32f334x8.o(.text) for Reset_Handler
    startup_stm32f334x8.o(RESET) refers to stm32f3xx_it.o(i.NMI_Handler) for NMI_Handler
    startup_stm32f334x8.o(RESET) refers to stm32f3xx_it.o(i.HardFault_Handler) for HardFault_Handler
    startup_stm32f334x8.o(RESET) refers to stm32f3xx_it.o(i.MemManage_Handler) for MemManage_Handler
    startup_stm32f334x8.o(RESET) refers to stm32f3xx_it.o(i.BusFault_Handler) for BusFault_Handler
    startup_stm32f334x8.o(RESET) refers to stm32f3xx_it.o(i.UsageFault_Handler) for UsageFault_Handler
    startup_stm32f334x8.o(RESET) refers to stm32f3xx_it.o(i.SVC_Handler) for SVC_Handler
    startup_stm32f334x8.o(RESET) refers to stm32f3xx_it.o(i.DebugMon_Handler) for DebugMon_Handler
    startup_stm32f334x8.o(RESET) refers to stm32f3xx_it.o(i.PendSV_Handler) for PendSV_Handler
    startup_stm32f334x8.o(RESET) refers to stm32f3xx_it.o(i.SysTick_Handler) for SysTick_Handler
    startup_stm32f334x8.o(RESET) refers to stm32f3xx_it.o(i.DMA1_Channel1_IRQHandler) for DMA1_Channel1_IRQHandler
    startup_stm32f334x8.o(RESET) refers to stm32f3xx_it.o(i.ADC1_2_IRQHandler) for ADC1_2_IRQHandler
    startup_stm32f334x8.o(RESET) refers to function.o(i.TIM2_IRQHandler) for TIM2_IRQHandler
    startup_stm32f334x8.o(RESET) refers to function.o(i.USART3_IRQHandler) for USART3_IRQHandler
    startup_stm32f334x8.o(.text) refers (Special) to heapauxi.o(.text) for __use_two_region_memory
    startup_stm32f334x8.o(.text) refers to system_stm32f3xx.o(i.SystemInit) for SystemInit
    startup_stm32f334x8.o(.text) refers to __main.o(!!!main) for __main
    startup_stm32f334x8.o(.text) refers to startup_stm32f334x8.o(HEAP) for Heap_Mem
    startup_stm32f334x8.o(.text) refers to startup_stm32f334x8.o(STACK) for Stack_Mem
    function.o(i.HAL_TIM_PeriodElapsedCallback) refers to stm32f3xx_hal_tim.o(i.HAL_TIM_Base_Stop_IT) for HAL_TIM_Base_Stop_IT
    function.o(i.HAL_TIM_PeriodElapsedCallback) refers to function.o(i.RS485_MODBUS_RTU_req_pdu) for RS485_MODBUS_RTU_req_pdu
    function.o(i.HAL_TIM_PeriodElapsedCallback) refers to main.o(.bss) for htim2
    function.o(i.HAL_TIM_PeriodElapsedCallback) refers to function.o(.data) for .data
    function.o(i.ISR_DMA1_TC) refers to ctrllib.o(i.First_Order_Transfer_Func_Compute_with_Parameter) for First_Order_Transfer_Func_Compute_with_Parameter
    function.o(i.ISR_DMA1_TC) refers to pid.o(i.PIDController_Update) for PIDController_Update
    function.o(i.ISR_DMA1_TC) refers to function.o(i.set_duty_buck) for set_duty_buck
    function.o(i.ISR_DMA1_TC) refers to f2d.o(x$fpl$f2d) for __aeabi_f2d
    function.o(i.ISR_DMA1_TC) refers to daddsub_clz.o(x$fpl$dadd) for __aeabi_dadd
    function.o(i.ISR_DMA1_TC) refers to daddsub_clz.o(x$fpl$dsub) for __aeabi_dsub
    function.o(i.ISR_DMA1_TC) refers to d2f.o(x$fpl$d2f) for __aeabi_d2f
    function.o(i.ISR_DMA1_TC) refers to function.o(i.set_duty_boost) for set_duty_boost
    function.o(i.ISR_DMA1_TC) refers to function.o(.data) for .data
    function.o(i.LL_HRTIM_TIM_SetCompare1) refers to function.o(.constdata) for .constdata
    function.o(i.LL_HRTIM_TIM_SetCompare2) refers to function.o(.constdata) for .constdata
    function.o(i.MODS_03H) refers to roundf.o(i.__hardfp_roundf) for __hardfp_roundf
    function.o(i.MODS_03H) refers to dflt_clz.o(x$fpl$dflt) for __aeabi_i2d
    function.o(i.MODS_03H) refers to dmul.o(x$fpl$dmul) for __aeabi_dmul
    function.o(i.MODS_03H) refers to dfix.o(x$fpl$dfix) for __aeabi_d2iz
    function.o(i.MODS_03H) refers to function.o(i.MODBUS_CRC16) for MODBUS_CRC16
    function.o(i.MODS_03H) refers to function.o(.bss) for .bss
    function.o(i.MODS_03H) refers to function.o(.data) for .data
    function.o(i.MODS_06H) refers to function.o(i.MODBUS_CRC16) for MODBUS_CRC16
    function.o(i.MODS_06H) refers to function.o(.bss) for .bss
    function.o(i.MODS_06H) refers to function.o(.data) for .data
    function.o(i.RS485_MODBUS_RTU_req_pdu) refers to function.o(i.MODBUS_CRC16) for MODBUS_CRC16
    function.o(i.RS485_MODBUS_RTU_req_pdu) refers to function.o(i.MODS_03H) for MODS_03H
    function.o(i.RS485_MODBUS_RTU_req_pdu) refers to function.o(i.MODS_06H) for MODS_06H
    function.o(i.RS485_MODBUS_RTU_req_pdu) refers to function.o(.data) for .data
    function.o(i.RS485_MODBUS_RTU_req_pdu) refers to function.o(.bss) for .bss
[...]
    LL_HRTIM_OUT_SetOutputSetSrc             0x0800213d   Thumb Code    34  main.o(i.LL_HRTIM_OUT_SetOutputSetSrc)
    i.LL_HRTIM_OUT_SetPolarity               0x08002164   Section        0  main.o(i.LL_HRTIM_OUT_SetPolarity)
    LL_HRTIM_OUT_SetPolarity                 0x08002165   Thumb Code    56  main.o(i.LL_HRTIM_OUT_SetPolarity)
    i.LL_HRTIM_TIM_SetCompare1               0x080021a0   Section        0  function.o(i.LL_HRTIM_TIM_SetCompare1)
    LL_HRTIM_TIM_SetCompare1                 0x080021a1   Thumb Code    34  function.o(i.LL_HRTIM_TIM_SetCompare1)
    i.LL_HRTIM_TIM_SetCompare2               0x080021c8   Section        0  function.o(i.LL_HRTIM_TIM_SetCompare2)
    LL_HRTIM_TIM_SetCompare2                 0x080021c9   Thumb Code    34  function.o(i.LL_HRTIM_TIM_SetCompare2)
    i.LL_RCC_GetSystemClocksFreq             0x080021f0   Section        0  stm32f3xx_ll_rcc.o(i.LL_RCC_GetSystemClocksFreq)
    i.LL_RCC_GetUSARTClockFreq               0x08002210   Section        0  stm32f3xx_ll_rcc.o(i.LL_RCC_GetUSARTClockFreq)
    i.LL_USART_Init                          0x0800226c   Section        0  stm32f3xx_ll_usart.o(i.LL_USART_Init)
    i.MODBUS_CRC16                           0x08002320   Section        0  function.o(i.MODBUS_CRC16)
    i.MODS_03H                               0x08002354   Section        0  function.o(i.MODS_03H)
    i.MODS_06H                               0x08002490   Section        0  function.o(i.MODS_06H)
    i.MX_ADC1_Init                           0x08002530   Section        0  main.o(i.MX_ADC1_Init)
    MX_ADC1_Init                             0x08002531   Thumb Code   490  main.o(i.MX_ADC1_Init)
    i.MX_GPIO_Init                           0x0800274c   Section        0  main.o(i.MX_GPIO_Init)
    MX_GPIO_Init                             0x0800274d   Thumb Code   222  main.o(i.MX_GPIO_Init)
    i.MX_HRTIM1_Init                         0x08002838   Section        0  main.o(i.MX_HRTIM1_Init)
    MX_HRTIM1_Init                           0x08002839   Thumb Code  1040  main.o(i.MX_HRTIM1_Init)
    i.MX_I2C1_Init                           0x08002c48   Section        0  main.o(i.MX_I2C1_Init)
    MX_I2C1_Init                             0x08002c49   Thumb Code    72  main.o(i.MX_I2C1_Init)
    i.MX_TIM2_Init                           0x08002c9c   Section        0  main.o(i.MX_TIM2_Init)
    MX_TIM2_Init                             0x08002c9d   Thumb Code   152  main.o(i.MX_TIM2_Init)
    i.MX_USART3_UART_Init                    0x08002d40   Section        0  main.o(i.MX_USART3_UART_Init)
    MX_USART3_UART_Init                      0x08002d41   Thumb Code   196  main.o(i.MX_USART3_UART_Init)
    i.MemManage_Handler                      0x08002e14   Section        0  stm32f3xx_it.o(i.MemManage_Handler)
    i.NMI_Handler                            0x08002e16   Section        0  stm32f3xx_it.o(i.NMI_Handler)
    i.NVIC_EncodePriority                    0x08002e18   Section        0  main.o(i.NVIC_EncodePriority)
    NVIC_EncodePriority                      0x08002e19   Thumb Code    50  main.o(i.NVIC_EncodePriority)
    i.PIDController_Update                   0x08002e4a   Section        0  pid.o(i.PIDController_Update)
    i.PendSV_Handler                         0x08002ed8   Section        0  stm32f3xx_it.o(i.PendSV_Handler)
    i.RCC_GetHCLKClockFreq                   0x08002edc   Section        0  stm32f3xx_ll_rcc.o(i.RCC_GetHCLKClockFreq)
    i.RCC_GetPCLK1ClockFreq                  0x08002ef8   Section        0  stm32f3xx_ll_rcc.o(i.RCC_GetPCLK1ClockFreq)
    i.RCC_GetPCLK2ClockFreq                  0x08002f14   Section        0  stm32f3xx_ll_rcc.o(i.RCC_GetPCLK2ClockFreq)
    i.RCC_GetSystemClockFreq                 0x08002f30   Section        0  stm32f3xx_ll_rcc.o(i.RCC_GetSystemClockFreq)
    i.RCC_PLL_GetFreqDomain_SYS              0x08002f54   Section        0  stm32f3xx_ll_rcc.o(i.RCC_PLL_GetFreqDomain_SYS)
    i.RS485_MODBUS_RTU_req_pdu               0x08002f98   Section        0  function.o(i.RS485_MODBUS_RTU_req_pdu)
    i.SVC_Handler                            0x0800301c   Section        0  stm32f3xx_it.o(i.SVC_Handler)
    i.SysTick_Handler                        0x0800301e   Section        0  stm32f3xx_it.o(i.SysTick_Handler)
    i.SystemClock_Config                     0x08003022   Section        0  main.o(i.SystemClock_Config)
    i.SystemInit                             0x080030b0   Section        0  system_stm32f3xx.o(i.SystemInit)
    i.TIM2_IRQHandler                        0x080030c0   Section        0  function.o(i.TIM2_IRQHandler)
    i.TIM_Base_SetConfig                     0x080030cc   Section        0  stm32f3xx_hal_tim.o(i.TIM_Base_SetConfig)
    i.TIM_ETR_SetConfig                      0x08003154   Section        0  stm32f3xx_hal_tim.o(i.TIM_ETR_SetConfig)
    i.TIM_ITRx_SetConfig                     0x08003168   Section        0  stm32f3xx_hal_tim.o(i.TIM_ITRx_SetConfig)
    TIM_ITRx_SetConfig                       0x08003169   Thumb Code    16  stm32f3xx_hal_tim.o(i.TIM_ITRx_SetConfig)
    i.TIM_TI1_ConfigInputStage               0x08003178   Section        0  stm32f3xx_hal_tim.o(i.TIM_TI1_ConfigInputStage)
    TIM_TI1_ConfigInputStage                 0x08003179   Thumb Code    34  stm32f3xx_hal_tim.o(i.TIM_TI1_ConfigInputStage)
    i.TIM_TI2_ConfigInputStage               0x0800319a   Section        0  stm32f3xx_hal_tim.o(i.TIM_TI2_ConfigInputStage)
    TIM_TI2_ConfigInputStage                 0x0800319b   Thumb Code    36  stm32f3xx_hal_tim.o(i.TIM_TI2_ConfigInputStage)
    i.USART3_IRQHandler                      0x080031c0   Section        0  function.o(i.USART3_IRQHandler)
    i.UsageFault_Handler                     0x080031fc   Section        0  stm32f3xx_it.o(i.UsageFault_Handler)
    i.__NVIC_EnableIRQ                       0x080031fe   Section        0  main.o(i.__NVIC_EnableIRQ)
    __NVIC_EnableIRQ                         0x080031ff   Thumb Code    26  main.o(i.__NVIC_EnableIRQ)
    i.__NVIC_SetPriority                     0x08003218   Section        0  main.o(i.__NVIC_SetPriority)
    __NVIC_SetPriority                       0x08003219   Thumb Code    32  main.o(i.__NVIC_SetPriority)
    i.__NVIC_SetPriority                     0x08003238   Section        0  stm32f3xx_hal_cortex.o(i.__NVIC_SetPriority)
    __NVIC_SetPriority                       0x08003239   Thumb Code    32  stm32f3xx_hal_cortex.o(i.__NVIC_SetPriority)
    i.__hardfp_roundf                        0x08003258   Section        0  roundf.o(i.__hardfp_roundf)
    i.loop                                   0x080032f2   Section        0  function.o(i.loop)
    i.main                                   0x080032f4   Section        0  main.o(i.main)
    i.set_duty_boost                         0x080033a8   Section        0  function.o(i.set_duty_boost)
    i.set_duty_buck                          0x080033f4   Section        0  function.o(i.set_duty_buck)
    i.setup                                  0x08003440   Section        0  function.o(i.setup)
    i.u8g2_ClearBuffer                       0x08003584   Section        0  u8g2_buffer.o(i.u8g2_ClearBuffer)
    i.u8g2_IsIntersection                    0x08003598   Section        0  u8g2_intersection.o(i.u8g2_IsIntersection)
    i.u8g2_SendBuffer                        0x080035c8   Section        0  u8g2_buffer.o(i.u8g2_SendBuffer)
    i.u8g2_SetFont                           0x080035da   Section        0  u8g2_font.o(i.u8g2_SetFont)
    i.u8g2_SetFontPosBaseline                0x080035fc   Section        0  u8g2_font.o(i.u8g2_SetFontPosBaseline)
    i.u8g2_SetMaxClipWindow                  0x08003608   Section        0  u8g2_setup.o(i.u8g2_SetMaxClipWindow)
    i.u8g2_SetupBuffer                       0x08003624   Section        0  u8g2_setup.o(i.u8g2_SetupBuffer)
    i.u8g2_Setup_ssd1306_i2c_128x64_noname_f 0x08003668   Section        0  u8g2_d_setup.o(i.u8g2_Setup_ssd1306_i2c_128x64_noname_f)
    i.u8g2_UpdateRefHeight                   0x080036a0   Section        0  u8g2_font.o(i.u8g2_UpdateRefHeight)
    i.u8g2_apply_clip_window                 0x080036f2   Section        0  u8g2_setup.o(i.u8g2_apply_clip_window)
    u8g2_apply_clip_window                   0x080036f3   Thumb Code   110  u8g2_setup.o(i.u8g2_apply_clip_window)
    i.u8g2_draw_hv_line_2dir                 0x08003760   Section        0  u8g2_hvline.o(i.u8g2_draw_hv_line_2dir)
    i.u8g2_draw_l90_r0                       0x08003772   Section        0  u8g2_setup.o(i.u8g2_draw_l90_r0)
    i.u8g2_font_calc_vref_font               0x0800377e   Section        0  u8g2_font.o(i.u8g2_font_calc_vref_font)
    i.u8g2_font_get_word                     0x08003782   Section        0  u8g2_font.o(i.u8g2_font_get_word)
    u8g2_font_get_word                       0x08003783   Thumb Code    20  u8g2_font.o(i.u8g2_font_get_word)
    i.u8g2_is_intersection_decision_tree     0x08003796   Section        0  u8g2_intersection.o(i.u8g2_is_intersection_decision_tree)
    i.u8g2_ll_hvline_vertical_top_lsb        0x080037b0   Section        0  u8g2_ll_hvline.o(i.u8g2_ll_hvline_vertical_top_lsb)
    i.u8g2_m_16_8_f                          0x08003840   Section        0  u8g2_d_memory.o(i.u8g2_m_16_8_f)
    i.u8g2_read_font_info                    0x0800384c   Section        0  u8g2_font.o(i.u8g2_read_font_info)
    i.u8g2_send_buffer                       0x080038b6   Section        0  u8g2_buffer.o(i.u8g2_send_buffer)
    u8g2_send_buffer                         0x080038b7   Thumb Code    78  u8g2_buffer.o(i.u8g2_send_buffer)
    i.u8g2_update_dimension_common           0x08003904   Section        0  u8g2_setup.o(i.u8g2_update_dimension_common)
    u8g2_update_dimension_common             0x08003905   Thumb Code    70  u8g2_setup.o(i.u8g2_update_dimension_common)
    i.u8g2_update_dimension_r0               0x0800394a   Section        0  u8g2_setup.o(i.u8g2_update_dimension_r0)
    i.u8g2_update_page_win_r0                0x0800394e   Section        0  u8g2_setup.o(i.u8g2_update_page_win_r0)
    i.u8x8_DrawTile                          0x08003970   Section        0  u8x8_display.o(i.u8x8_DrawTile)
    i.u8x8_InitDisplay                       0x0800398e   Section        0  u8x8_display.o(i.u8x8_InitDisplay)
    i.u8x8_RefreshDisplay                    0x0800399e   Section        0  u8x8_display.o(i.u8x8_RefreshDisplay)
    i.u8x8_SetPowerSave                      0x080039ae   Section        0  u8x8_display.o(i.u8x8_SetPowerSave)
    i.u8x8_Setup                             0x080039be   Section        0  u8x8_setup.o(i.u8x8_Setup)
    i.u8x8_SetupDefaults                     0x080039e0   Section        0  u8x8_setup.o(i.u8x8_SetupDefaults)
    i.u8x8_SetupMemory                       0x08003a04   Section        0  u8x8_display.o(i.u8x8_SetupMemory)
    i.u8x8_byte_EndTransfer                  0x08003a14   Section        0  u8x8_byte.o(i.u8x8_byte_EndTransfer)
    i.u8x8_byte_SendByte                     0x08003a24   Section        0  u8x8_byte.o(i.u8x8_byte_SendByte)
    i.u8x8_byte_StartTransfer                0x08003a32   Section        0  u8x8_byte.o(i.u8x8_byte_StartTransfer)
    i.u8x8_byte_hw_i2c                       0x08003a44   Section        0  function.o(i.u8x8_byte_hw_i2c)
    i.u8x8_cad_EndTransfer                   0x08003ab0   Section        0  u8x8_cad.o(i.u8x8_cad_EndTransfer)
    i.u8x8_cad_SendArg                       0x08003ac0   Section        0  u8x8_cad.o(i.u8x8_cad_SendArg)
    i.u8x8_cad_SendCmd                       0x08003ad0   Section        0  u8x8_cad.o(i.u8x8_cad_SendCmd)
    i.u8x8_cad_SendData                      0x08003ae0   Section        0  u8x8_cad.o(i.u8x8_cad_SendData)
    i.u8x8_cad_SendSequence                  0x08003af0   Section        0  u8x8_cad.o(i.u8x8_cad_SendSequence)
    i.u8x8_cad_StartTransfer                 0x08003b58   Section        0  u8x8_cad.o(i.u8x8_cad_StartTransfer)
    i.u8x8_cad_ssd13xx_fast_i2c              0x08003b68   Section        0  u8x8_cad.o(i.u8x8_cad_ssd13xx_fast_i2c)
    i.u8x8_d_helper_display_init             0x08003c24   Section        0  u8x8_display.o(i.u8x8_d_helper_display_init)
    i.u8x8_d_helper_display_setup_memory     0x08003c84   Section        0  u8x8_display.o(i.u8x8_d_helper_display_setup_memory)
    i.u8x8_d_ssd1306_128x64_noname           0x08003c90   Section        0  u8x8_d_ssd1306_128x64_noname.o(i.u8x8_d_ssd1306_128x64_noname)
    i.u8x8_d_ssd1306_sh1106_generic          0x08003ccc   Section        0  u8x8_d_ssd1306_128x64_noname.o(i.u8x8_d_ssd1306_sh1106_generic)
    u8x8_d_ssd1306_sh1106_generic            0x08003ccd   Thumb Code   196  u8x8_d_ssd1306_128x64_noname.o(i.u8x8_d_ssd1306_sh1106_generic)
    i.u8x8_dummy_cb                          0x08003d94   Section        0  u8x8_setup.o(i.u8x8_dummy_cb)
    i.u8x8_gpio_and_delay                    0x08003d98   Section        0  function.o(i.u8x8_gpio_and_delay)
    i.u8x8_gpio_call                         0x08003da8   Section        0  u8x8_gpio.o(i.u8x8_gpio_call)
    i.u8x8_i2c_data_transfer                 0x08003db4   Section        0  u8x8_cad.o(i.u8x8_i2c_data_transfer)
    u8x8_i2c_data_transfer                   0x08003db5   Thumb Code    44  u8x8_cad.o(i.u8x8_i2c_data_transfer)
    x$fpl$d2f                                0x08003de0   Section       98  d2f.o(x$fpl$d2f)
    $v0                                      0x08003de0   Number         0  d2f.o(x$fpl$d2f)
    x$fpl$dadd                               0x08003e44   Section      336  daddsub_clz.o(x$fpl$dadd)
    $v0                                      0x08003e44   Number         0  daddsub_clz.o(x$fpl$dadd)
    _dadd1                                   0x08003e55   Thumb Code     0  daddsub_clz.o(x$fpl$dadd)
    x$fpl$dfix                               0x08003f94   Section       94  dfix.o(x$fpl$dfix)
    $v0                                      0x08003f94   Number         0  dfix.o(x$fpl$dfix)
    x$fpl$dflt                               0x08003ff2   Section       46  dflt_clz.o(x$fpl$dflt)
    $v0                                      0x08003ff2   Number         0  dflt_clz.o(x$fpl$dflt)
    x$fpl$dmul                               0x08004020   Section      340  dmul.o(x$fpl$dmul)
    $v0                                      0x08004020   Number         0  dmul.o(x$fpl$dmul)
    x$fpl$dnaninf                            0x08004174   Section      156  dnaninf.o(x$fpl$dnaninf)
    $v0                                      0x08004174   Number         0  dnaninf.o(x$fpl$dnaninf)
    x$fpl$dretinf                            0x08004210   Section       12  dretinf.o(x$fpl$dretinf)
    $v0                                      0x08004210   Number         0  dretinf.o(x$fpl$dretinf)
    x$fpl$dsub                               0x0800421c   Section      468  daddsub_clz.o(x$fpl$dsub)
    $v0                                      0x0800421c   Number         0  daddsub_clz.o(x$fpl$dsub)
    _dsub1                                   0x0800422d   Thumb Code     0  daddsub_clz.o(x$fpl$dsub)
    x$fpl$f2d                                0x080043f0   Section       86  f2d.o(x$fpl$f2d)
    $v0                                      0x080043f0   Number         0  f2d.o(x$fpl$f2d)
    x$fpl$fnaninf                            0x08004446   Section      140  fnaninf.o(x$fpl$fnaninf)
    $v0                                      0x08004446   Number         0  fnaninf.o(x$fpl$fnaninf)
    x$fpl$fpinit                             0x080044d2   Section       10  fpinit.o(x$fpl$fpinit)
    $v0                                      0x080044d2   Number         0  fpinit.o(x$fpl$fpinit)
    x$fpl$fretinf                            0x080044dc   Section       10  fretinf.o(x$fpl$fretinf)
    $v0                                      0x080044dc   Number         0  fretinf.o(x$fpl$fretinf)
    x$fpl$frnd                               0x080044e8   Section       96  frnd.o(x$fpl$frnd)
    $v0                                      0x080044e8   Number         0  frnd.o(x$fpl$frnd)
    .constdata                               0x08004548   Section       20  function.o(.constdata)
    x$fpl$usenofp                            0x08004548   Section        0  usenofp.o(x$fpl$usenofp)
    CHANNEL_OFFSET_TAB                       0x08004548   Data           7  function.o(.constdata)
    REG_OFFSET_TAB_TIMER                     0x08004550   Data          12  function.o(.constdata)
    .constdata                               0x0800455c   Section    10055  u8g2_fonts.o(.constdata)
    .constdata                               0x08006ca4   Section       12  u8g2_setup.o(.constdata)
    .constdata                               0x08006cb0   Section      276  u8x8_d_ssd1306_128x64_noname.o(.constdata)
    u8x8_d_ssd1306_128x64_noname_powersave0_seq 0x08006cb0   Data           5  u8x8_d_ssd1306_128x64_noname.o(.constdata)
    u8x8_d_ssd1306_128x64_noname_powersave1_seq 0x08006cb5   Data           5  u8x8_d_ssd1306_128x64_noname.o(.constdata)
    u8x8_d_ssd1306_128x64_noname_flip0_seq   0x08006cba   Data           7  u8x8_d_ssd1306_128x64_noname.o(.constdata)
    u8x8_d_ssd1306_128x64_noname_flip1_seq   0x08006cc1   Data           7  u8x8_d_ssd1306_128x64_noname.o(.constdata)
    u8x8_d_ssd1306_128x64_noname_init_seq    0x08006cc8   Data          53  u8x8_d_ssd1306_128x64_noname.o(.constdata)
    u8x8_d_ssd1306_128x64_vcomh0_init_seq    0x08006cfd   Data          53  u8x8_d_ssd1306_128x64_noname.o(.constdata)
    u8x8_d_ssd1306_128x64_alt0_init_seq      0x08006d32   Data          53  u8x8_d_ssd1306_128x64_noname.o(.constdata)
    u8x8_d_sh1106_128x64_winstar_init_seq    0x08006d67   Data          45  u8x8_d_ssd1306_128x64_noname.o(.constdata)
    u8x8_ssd1306_128x64_noname_display_info  0x08006d94   Data          24  u8x8_d_ssd1306_128x64_noname.o(.constdata)
    u8x8_sh1106_128x64_noname_display_info   0x08006dac   Data          24  u8x8_d_ssd1306_128x64_noname.o(.constdata)
    .constdata                               0x08006dc4   Section      134  main.o(.constdata)
    REG_OFFSET_TAB_ADCxR                     0x08006dc4   Data           4  main.o(.constdata)
    REG_SHIFT_TAB_UPDATETRIG                 0x08006dc8   Data           6  main.o(.constdata)
    REG_SHIFT_TAB_UPDATEGATING               0x08006dce   Data           6  main.o(.constdata)
    CHANNEL_OFFSET_TAB                       0x08006dd4   Data           7  main.o(.constdata)
    REG_OFFSET_TAB_TIMER                     0x08006ddc   Data          12  main.o(.constdata)
    REG_OFFSET_TAB_SETxR                     0x08006de8   Data          20  main.o(.constdata)
    REG_OFFSET_TAB_OUTxR                     0x08006dfc   Data          20  main.o(.constdata)
    REG_MASK_TAB_UPDATETRIG                  0x08006e10   Data          24  main.o(.constdata)
    REG_MASK_TAB_UPDATEGATING                0x08006e28   Data          24  main.o(.constdata)
    REG_SHIFT_TAB_OUTxR                      0x08006e40   Data          10  main.o(.constdata)
    .constdata                               0x08006e4a   Section       32  stm32f3xx_hal_rcc.o(.constdata)
    aPLLMULFactorTable                       0x08006e4a   Data          16  stm32f3xx_hal_rcc.o(.constdata)
    aPredivFactorTable                       0x08006e5a   Data          16  stm32f3xx_hal_rcc.o(.constdata)
    .constdata                               0x08006e6a   Section       16  system_stm32f3xx.o(.constdata)
    .constdata                               0x08006e7a   Section        8  system_stm32f3xx.o(.constdata)
    .data                                    0x20000000   Section      332  function.o(.data)
    buf_idx                                  0x20000002   Data           1  function.o(.data)
    data                                     0x2000000c   Data           4  function.o(.data)
    addr                                     0x20000010   Data           4  function.o(.data)
    .data                                    0x2000014c   Section        4  u8x8_cad.o(.data)
    in_transfer                              0x2000014c   Data           1  u8x8_cad.o(.data)
    in_transfer                              0x2000014d   Data           1  u8x8_cad.o(.data)
    in_transfer                              0x2000014e   Data           1  u8x8_cad.o(.data)
    is_data                                  0x2000014f   Data           1  u8x8_cad.o(.data)
    .data                                    0x20000150   Section       12  stm32f3xx_hal.o(.data)
    .data                                    0x2000015c   Section        4  system_stm32f3xx.o(.data)
    .bss                                     0x20000160   Section      692  function.o(.bss)
    buffer                                   0x20000160   Data          32  function.o(.bss)
    .bss                                     0x20000414   Section     1536  u8g2_d_memory.o(.bss)
    buf                                      0x20000414   Data         512  u8g2_d_memory.o(.bss)
    buf                                      0x20000614   Data        1024  u8g2_d_memory.o(.bss)
    .bss                                     0x20000a14   Section      176  main.o(.bss)
    .bss                                     0x20000ac4   Section       96  libspace.o(.bss)
    HEAP                                     0x20000b28   Section      512  startup_stm32f334x8.o(HEAP)
    Heap_Mem                                 0x20000b28   Data         512  startup_stm32f334x8.o(HEAP)
    STACK                                    0x20000d28   Section     1024  startup_stm32f334x8.o(STACK)
    Stack_Mem                                0x20000d28   Data        1024  startup_stm32f334x8.o(STACK)
    __initial_sp                             0x20001128   Data           0  startup_stm32f334x8.o(STACK)

    Global Symbols

    Symbol Name                              Value     Ov Type        Size  Object(Section)

    BuildAttributes$$THM_ISAv4$E$P$D$K$B$S$7EM$VFPi3$EXTD16$VFPS$VFMA$PE$A:L22UL41UL21$X:L11$S22US41US21$IEEE1$IW$USESV6$~STKCKD$USESV7$~SHL$OTIME$ROPI$IEEEJ$EBA8$UX$STANDARDLIB$REQ8$PRES8$EABIv2 0x00000000   Number         0  anon$$obj.o ABSOLUTE
    __ARM_use_no_argv                        0x00000000   Number         0  main.o ABSOLUTE
    __ARM_exceptions_init                     - Undefined Weak Reference
    __alloca_initialize                       - Undefined Weak Reference
    __arm_preinit_                            - Undefined Weak Reference
    __cpp_initialize__aeabi_                  - Undefined Weak Reference
    __cxa_finalize                            - Undefined Weak Reference
    __rt_locale                               - Undefined Weak Reference
    __sigvec_lookup                           - Undefined Weak Reference
    _atexit_init                              - Undefined Weak Reference
    _call_atexit_fns                          - Undefined Weak Reference
    _clock_init                               - Undefined Weak Reference
    _fp_trap_init                             - Undefined Weak Reference
    _fp_trap_shutdown                         - Undefined Weak Reference
    _get_lc_collate                           - Undefined Weak Reference
    _get_lc_ctype                             - Undefined Weak Reference
    _get_lc_monetary                          - Undefined Weak Reference
    _get_lc_numeric                           - Undefined Weak Reference
    _get_lc_time                              - Undefined Weak Reference
    _getenv_init                              - Undefined Weak Reference
    _handle_redirection                       - Undefined Weak Reference
    _init_alloc                               - Undefined Weak Reference
    _init_user_alloc                          - Undefined Weak Reference
    _initio                                   - Undefined Weak Reference
    _rand_init                                - Undefined Weak Reference
    _signal_finish                            - Undefined Weak Reference
    _signal_init                              - Undefined Weak Reference
    _terminate_alloc                          - Undefined Weak Reference
    _terminate_user_alloc                     - Undefined Weak Reference
    _terminateio                              - Undefined Weak Reference
    __Vectors_Size                           0x00000188   Number         0  startup_stm32f334x8.o ABSOLUTE
    __Vectors                                0x08000000   Data           4  startup_stm32f334x8.o(RESET)
    __Vectors_End                            0x08000188   Data           0  startup_stm32f334x8.o(RESET)
    __main                                   0x08000189   Thumb Code     8  __main.o(!!!main)
    __scatterload                            0x08000191   Thumb Code     0  __scatter.o(!!!scatter)
    __scatterload_rt2                        0x08000191   Thumb Code    44  __scatter.o(!!!scatter)
    __scatterload_rt2_thumb_only             0x08000191   Thumb Code     0  __scatter.o(!!!scatter)
    __scatterload_null                       0x0800019f   Thumb Code     0  __scatter.o(!!!scatter)
    __decompress                             0x080001c5   Thumb Code    90  __dczerorl2.o(!!dczerorl2)
    __decompress1                            0x080001c5   Thumb Code     0  __dczerorl2.o(!!dczerorl2)
    __scatterload_zeroinit                   0x08000221   Thumb Code    28  __scatter_zi.o(!!handler_zi)
    __rt_lib_init                            0x0800023d   Thumb Code     0  libinit.o(.ARM.Collect$$libinit$$00000000)
    __rt_lib_init_fp_1                       0x0800023f   Thumb Code     0  libinit2.o(.ARM.Collect$$libinit$$00000001)
    __rt_lib_init_alloca_1                   0x08000243   Thumb Code     0  libinit2.o(.ARM.Collect$$libinit$$0000002E)
    __rt_lib_init_argv_1                     0x08000243   Thumb Code     0  libinit2.o(.ARM.Collect$$libinit$$0000002C)
    __rt_lib_init_atexit_1                   0x08000243   Thumb Code     0  libinit2.o(.ARM.Collect$$libinit$$0000001B)
    __rt_lib_init_clock_1                    0x08000243   Thumb Code     0  libinit2.o(.ARM.Collect$$libinit$$00000021)
    __rt_lib_init_cpp_1                      0x08000243   Thumb Code     0  libinit2.o(.ARM.Collect$$libinit$$00000032)
    __rt_lib_init_exceptions_1               0x08000243   Thumb Code     0  libinit2.o(.ARM.Collect$$libinit$$00000030)
    __rt_lib_init_fp_trap_1                  0x08000243   Thumb Code     0  libinit2.o(.ARM.Collect$$libinit$$0000001F)
    __rt_lib_init_getenv_1                   0x08000243   Thumb Code     0  libinit2.o(.ARM.Collect$$libinit$$00000023)
    __rt_lib_init_heap_1                     0x08000243   Thumb Code     0  libinit2.o(.ARM.Collect$$libinit$$0000000A)
    __rt_lib_init_lc_collate_1               0x08000243   Thumb Code     0  libinit2.o(.ARM.Collect$$libinit$$00000011)
    __rt_lib_init_lc_ctype_1                 0x08000243   Thumb Code     0  libinit2.o(.ARM.Collect$$libinit$$00000013)
    __rt_lib_init_lc_monetary_1              0x08000243   Thumb Code     0  libinit2.o(.ARM.Collect$$libinit$$00000015)
    __rt_lib_init_lc_numeric_1               0x08000243   Thumb Code     0  libinit2.o(.ARM.Collect$$libinit$$00000017)
    __rt_lib_init_lc_time_1                  0x08000243   Thumb Code     0  libinit2.o(.ARM.Collect$$libinit$$00000019)
    __rt_lib_init_preinit_1                  0x08000243   Thumb Code     0  libinit2.o(.ARM.Collect$$libinit$$00000004)
    __rt_lib_init_rand_1                     0x08000243   Thumb Code     0  libinit2.o(.ARM.Collect$$libinit$$0000000E)
    __rt_lib_init_return                     0x08000243   Thumb Code     0  libinit2.o(.ARM.Collect$$libinit$$00000033)
    __rt_lib_init_signal_1                   0x08000243   Thumb Code     0  libinit2.o(.ARM.Collect$$libinit$$0000001D)
    __rt_lib_init_stdio_1                    0x08000243   Thumb Code     0  libinit2.o(.ARM.Collect$$libinit$$00000025)
    __rt_lib_init_user_alloc_1               0x08000243   Thumb Code     0  libinit2.o(.ARM.Collect$$libinit$$0000000C)
    __rt_lib_shutdown                        0x08000245   Thumb Code     0  libshutdown.o(.ARM.Collect$$libshutdown$$00000000)
    __rt_lib_shutdown_cpp_1                  0x08000247   Thumb Code     0  libshutdown2.o(.ARM.Collect$$libshutdown$$00000002)
    __rt_lib_shutdown_fp_trap_1              0x08000247   Thumb Code     0  libshutdown2.o(.ARM.Collect$$libshutdown$$00000007)
    __rt_lib_shutdown_heap_1                 0x08000247   Thumb Code     0  libshutdown2.o(.ARM.Collect$$libshutdown$$0000000F)
    __rt_lib_shutdown_return                 0x08000247   Thumb Code     0  libshutdown2.o(.ARM.Collect$$libshutdown$$00000010)
    __rt_lib_shutdown_signal_1               0x08000247   Thumb Code     0  libshutdown2.o(.ARM.Collect$$libshutdown$$0000000A)
    __rt_lib_shutdown_stdio_1                0x08000247   Thumb Code     0  libshutdown2.o(.ARM.Collect$$libshutdown$$00000004)
    __rt_lib_shutdown_user_alloc_1           0x08000247   Thumb Code     0  libshutdown2.o(.ARM.Collect$$libshutdown$$0000000C)
    __rt_entry                               0x08000249   Thumb Code     0  __rtentry.o(.ARM.Collect$$rtentry$$00000000)
    __rt_entry_presh_1                       0x08000249   Thumb Code     0  __rtentry2.o(.ARM.Collect$$rtentry$$00000002)
    __rt_entry_sh                            0x08000249   Thumb Code     0  __rtentry4.o(.ARM.Collect$$rtentry$$00000004)
    __rt_entry_li                            0x0800024f   Thumb Code     0  __rtentry2.o(.ARM.Collect$$rtentry$$0000000A)
    __rt_entry_postsh_1                      0x0800024f   Thumb Code     0  __rtentry2.o(.ARM.Collect$$rtentry$$00000009)
    __rt_entry_main                          0x08000253   Thumb Code     0  __rtentry2.o(.ARM.Collect$$rtentry$$0000000D)
    __rt_entry_postli_1                      0x08000253   Thumb Code     0  __rtentry2.o(.ARM.Collect$$rtentry$$0000000C)
    __rt_exit                                0x0800025b   Thumb Code     0  rtexit.o(.ARM.Collect$$rtexit$$00000000)
    __rt_exit_ls                             0x0800025d   Thumb Code     0  rtexit2.o(.ARM.Collect$$rtexit$$00000003)
    __rt_exit_prels_1                        0x0800025d   Thumb Code     0  rtexit2.o(.ARM.Collect$$rtexit$$00000002)
    __rt_exit_exit                           0x08000261   Thumb Code     0  rtexit2.o(.ARM.Collect$$rtexit$$00000004)
    Reset_Handler                            0x08000269   Thumb Code     8  startup_stm32f334x8.o(.text)
    CAN_RX0_IRQHandler                       0x08000283   Thumb Code     0  startup_stm32f334x8.o(.text)
    CAN_RX1_IRQHandler                       0x08000283   Thumb Code     0  startup_stm32f334x8.o(.text)
    CAN_SCE_IRQHandler                       0x08000283   Thumb Code     0  startup_stm32f334x8.o(.text)
    CAN_TX_IRQHandler                        0x08000283   Thumb Code     0  startup_stm32f334x8.o(.text)
    COMP2_IRQHandler                         0x08000283   Thumb Code     0  startup_stm32f334x8.o(.text)
    COMP4_6_IRQHandler                       0x08000283   Thumb Code     0  startup_stm32f334x8.o(.text)
    DMA1_Channel2_IRQHandler                 0x08000283   Thumb Code     0  startup_stm32f334x8.o(.text)
    DMA1_Channel3_IRQHandler                 0x08000283   Thumb Code     0  startup_stm32f334x8.o(.text)
    DMA1_Channel4_IRQHandler                 0x08000283   Thumb Code     0  startup_stm32f334x8.o(.text)
    DMA1_Channel5_IRQHandler                 0x08000283   Thumb Code     0  startup_stm32f334x8.o(.text)
    DMA1_Channel6_IRQHandler                 0x08000283   Thumb Code     0  startup_stm32f334x8.o(.text)
    DMA1_Channel7_IRQHandler                 0x08000283   Thumb Code     0  startup_stm32f334x8.o(.text)
    EXTI0_IRQHandler                         0x08000283   Thumb Code     0  startup_stm32f334x8.o(.text)
    EXTI15_10_IRQHandler                     0x08000283   Thumb Code     0  startup_stm32f334x8.o(.text)
    EXTI1_IRQHandler                         0x08000283   Thumb Code     0  startup_stm32f334x8.o(.text)
    EXTI2_TSC_IRQHandler                     0x08000283   Thumb Code     0  startup_stm32f334x8.o(.text)
    EXTI3_IRQHandler                         0x08000283   Thumb Code     0  startup_stm32f334x8.o(.text)
    EXTI4_IRQHandler                         0x08000283   Thumb Code     0  startup_stm32f334x8.o(.text)
    EXTI9_5_IRQHandler                       0x08000283   Thumb Code     0  startup_stm32f334x8.o(.text)
    FLASH_IRQHandler                         0x08000283   Thumb Code     0  startup_stm32f334x8.o(.text)
    FPU_IRQHandler                           0x08000283   Thumb Code     0  startup_stm32f334x8.o(.text)
    HRTIM1_FLT_IRQHandler                    0x08000283   Thumb Code     0  startup_stm32f334x8.o(.text)
    HRTIM1_Master_IRQHandler                 0x08000283   Thumb Code     0  startup_stm32f334x8.o(.text)
    HRTIM1_TIMA_IRQHandler                   0x08000283   Thumb Code     0  startup_stm32f334x8.o(.text)
    HRTIM1_TIMB_IRQHandler                   0x08000283   Thumb Code     0  startup_stm32f334x8.o(.text)
    HRTIM1_TIMC_IRQHandler                   0x08000283   Thumb Code     0  startup_stm32f334x8.o(.text)
    HRTIM1_TIMD_IRQHandler                   0x08000283   Thumb Code     0  startup_stm32f334x8.o(.text)
    HRTIM1_TIME_IRQHandler                   0x08000283   Thumb Code     0  startup_stm32f334x8.o(.text)
    I2C1_ER_IRQHandler                       0x08000283   Thumb Code     0  startup_stm32f334x8.o(.text)
    I2C1_EV_IRQHandler                       0x08000283   Thumb Code     0  startup_stm32f334x8.o(.text)
    PVD_IRQHandler                           0x08000283   Thumb Code     0  startup_stm32f334x8.o(.text)
    RCC_IRQHandler                           0x08000283   Thumb Code     0  startup_stm32f334x8.o(.text)
    RTC_Alarm_IRQHandler                     0x08000283   Thumb Code     0  startup_stm32f334x8.o(.text)
    RTC_WKUP_IRQHandler                      0x08000283   Thumb Code     0  startup_stm32f334x8.o(.text)
    SPI1_IRQHandler                          0x08000283   Thumb Code     0  startup_stm32f334x8.o(.text)
    TAMP_STAMP_IRQHandler                    0x08000283   Thumb Code     0  startup_stm32f334x8.o(.text)
    TIM1_BRK_TIM15_IRQHandler                0x08000283   Thumb Code     0  startup_stm32f334x8.o(.text)
    TIM1_CC_IRQHandler                       0x08000283   Thumb Code     0  startup_stm32f334x8.o(.text)
    TIM1_TRG_COM_TIM17_IRQHandler            0x08000283   Thumb Code     0  startup_stm32f334x8.o(.text)
    TIM1_UP_TIM16_IRQHandler                 0x08000283   Thumb Code     0  startup_stm32f334x8.o(.text)
    TIM3_IRQHandler                          0x08000283   Thumb Code     0  startup_stm32f334x8.o(.text)
    TIM6_DAC1_IRQHandler                     0x08000283   Thumb Code     0  startup_stm32f334x8.o(.text)
    TIM7_DAC2_IRQHandler                     0x08000283   Thumb Code     0  startup_stm32f334x8.o(.text)
    USART1_IRQHandler                        0x08000283   Thumb Code     0  startup_stm32f334x8.o(.text)
    USART2_IRQHandler                        0x08000283   Thumb Code     0  startup_stm32f334x8.o(.text)
    WWDG_IRQHandler                          0x08000283   Thumb Code     0  startup_stm32f334x8.o(.text)
    __user_initial_stackheap                 0x08000285   Thumb Code     0  startup_stm32f334x8.o(.text)
    __aeabi_uldivmod                         0x080002a9   Thumb Code     0  lludivv7m.o(.text)
    _ll_udiv                                 0x080002a9   Thumb Code   238  lludivv7m.o(.text)
    __aeabi_memclr                           0x08000397   Thumb Code     0  rt_memclr.o(.text)
    __rt_memclr                              0x08000397   Thumb Code    68  rt_memclr.o(.text)
    _memset                                  0x0800039b   Thumb Code     0  rt_memclr.o(.text)
    __aeabi_memclr4                          0x080003db   Thumb Code     0  rt_memclr_w.o(.text)
    __aeabi_memclr8                          0x080003db   Thumb Code     0  rt_memclr_w.o(.text)
    __rt_memclr_w                            0x080003db   Thumb Code    78  rt_memclr_w.o(.text)
    _memset_w                                0x080003df   Thumb Code     0  rt_memclr_w.o(.text)
    __use_two_region_memory                  0x08000429   Thumb Code     2  heapauxi.o(.text)
    __rt_heap_escrow$2region                 0x0800042b   Thumb Code     2  heapauxi.o(.text)
    __rt_heap_expand$2region                 0x0800042d   Thumb Code     2  heapauxi.o(.text)
    __user_setup_stackheap                   0x0800042f   Thumb Code    74  sys_stackheap_outer.o(.text)
    exit                                     0x08000479   Thumb Code    18  exit.o(.text)
    __user_libspace                          0x0800048d   Thumb Code     8  libspace.o(.text)
    __user_perproc_libspace                  0x0800048d   Thumb Code     0  libspace.o(.text)
    __user_perthread_libspace                0x0800048d   Thumb Code     0  libspace.o(.text)
    _sys_exit                                0x08000495   Thumb Code     8  sys_exit.o(.text)
    __I$use$semihosting                      0x080004a1   Thumb Code     0  use_no_semi.o(.text)
    __use_no_semihosting_swi                 0x080004a1   Thumb Code     2  use_no_semi.o(.text)
    ADC1_2_IRQHandler                        0x080004a3   Thumb Code    20  stm32f3xx_it.o(i.ADC1_2_IRQHandler)
    __semihosting_library_function           0x080004a3   Thumb Code     0  indicate_semi.o(.text)
    BusFault_Handler                         0x080004b7   Thumb Code     2  stm32f3xx_it.o(i.BusFault_Handler)
    DMA1_Channel1_IRQHandler                 0x080004b9   Thumb Code    26  stm32f3xx_it.o(i.DMA1_Channel1_IRQHandler)
    DebugMon_Handler                         0x080004d9   Thumb Code     2  stm32f3xx_it.o(i.DebugMon_Handler)
    First_Order_Transfer_Func_Compute        0x080004db   Thumb Code    50  ctrllib.o(i.First_Order_Transfer_Func_Compute)
    First_Order_Transfer_Func_Compute_with_Parameter 0x0800050d   Thumb Code    18  ctrllib.o(i.First_Order_Transfer_Func_Compute_with_Parameter)
    HAL_Delay                                0x08000521   Thumb Code    32  stm32f3xx_hal.o(i.HAL_Delay)
    HAL_GPIO_Init                            0x08000545   Thumb Code   518  stm32f3xx_hal_gpio.o(i.HAL_GPIO_Init)
    HAL_GPIO_WritePin                        0x08000765   Thumb Code    10  stm32f3xx_hal_gpio.o(i.HAL_GPIO_WritePin)
    HAL_GetTick                              0x08000771   Thumb Code     6  stm32f3xx_hal.o(i.HAL_GetTick)
    HAL_I2CEx_ConfigAnalogFilter             0x0800077d   Thumb Code    86  stm32f3xx_hal_i2c_ex.o(i.HAL_I2CEx_ConfigAnalogFilter)
    HAL_I2CEx_ConfigDigitalFilter            0x080007d3   Thumb Code    82  stm32f3xx_hal_i2c_ex.o(i.HAL_I2CEx_ConfigDigitalFilter)
    HAL_I2C_Init                             0x08000825   Thumb Code   178  stm32f3xx_hal_i2c.o(i.HAL_I2C_Init)
    HAL_I2C_Master_Transmit                  0x080008dd   Thumb Code   282  stm32f3xx_hal_i2c.o(i.HAL_I2C_Master_Transmit)
    HAL_I2C_MspInit                          0x08000a01   Thumb Code    88  stm32f3xx_hal_msp.o(i.HAL_I2C_MspInit)
    HAL_IWDG_Init                            0x08000a65   Thumb Code   102  stm32f3xx_hal_iwdg.o(i.HAL_IWDG_Init)
    HAL_IWDG_Refresh                         0x08000acb   Thumb Code    12  stm32f3xx_hal_iwdg.o(i.HAL_IWDG_Refresh)
    HAL_IncTick                              0x08000ad9   Thumb Code    12  stm32f3xx_hal.o(i.HAL_IncTick)
    HAL_Init                                 0x08000ae9   Thumb Code    32  stm32f3xx_hal.o(i.HAL_Init)
    HAL_InitTick                             0x08000b0d   Thumb Code    54  stm32f3xx_hal.o(i.HAL_InitTick)
    HAL_MspInit                              0x08000b4d   Thumb Code    38  stm32f3xx_hal_msp.o(i.HAL_MspInit)
    HAL_NVIC_EnableIRQ                       0x08000b79   Thumb Code    26  stm32f3xx_hal_cortex.o(i.HAL_NVIC_EnableIRQ)
    HAL_NVIC_SetPriority                     0x08000b95   Thumb Code    60  stm32f3xx_hal_cortex.o(i.HAL_NVIC_SetPriority)
    HAL_NVIC_SetPriorityGrouping             0x08000bd5   Thumb Code    26  stm32f3xx_hal_cortex.o(i.HAL_NVIC_SetPriorityGrouping)
    HAL_RCCEx_PeriphCLKConfig                0x08000bf9   Thumb Code   378  stm32f3xx_hal_rcc_ex.o(i.HAL_RCCEx_PeriphCLKConfig)
    HAL_RCC_ClockConfig                      0x08000d81   Thumb Code   308  stm32f3xx_hal_rcc.o(i.HAL_RCC_ClockConfig)
    HAL_RCC_GetSysClockFreq                  0x08000ec9   Thumb Code    92  stm32f3xx_hal_rcc.o(i.HAL_RCC_GetSysClockFreq)
    HAL_RCC_OscConfig                        0x08000f35   Thumb Code  1480  stm32f3xx_hal_rcc.o(i.HAL_RCC_OscConfig)
    HAL_SYSTICK_Config                       0x080014fd   Thumb Code    40  stm32f3xx_hal_cortex.o(i.HAL_SYSTICK_Config)
    HAL_TIMEx_Break2Callback                 0x08001525   Thumb Code     2  stm32f3xx_hal_tim_ex.o(i.HAL_TIMEx_Break2Callback)
    HAL_TIMEx_BreakCallback                  0x08001527   Thumb Code     2  stm32f3xx_hal_tim_ex.o(i.HAL_TIMEx_BreakCallback)
    HAL_TIMEx_CommutCallback                 0x08001529   Thumb Code     2  stm32f3xx_hal_tim_ex.o(i.HAL_TIMEx_CommutCallback)
    HAL_TIMEx_MasterConfigSynchronization    0x0800152d   Thumb Code   104  stm32f3xx_hal_tim_ex.o(i.HAL_TIMEx_MasterConfigSynchronization)
    HAL_TIM_Base_Init                        0x080015a1   Thumb Code    98  stm32f3xx_hal_tim.o(i.HAL_TIM_Base_Init)
    HAL_TIM_Base_MspInit                     0x08001605   Thumb Code    30  stm32f3xx_hal_msp.o(i.HAL_TIM_Base_MspInit)
    HAL_TIM_Base_Start_IT                    0x08001629   Thumb Code    82  stm32f3xx_hal_tim.o(i.HAL_TIM_Base_Start_IT)
    HAL_TIM_Base_Stop_IT                     0x0800168d   Thumb Code    48  stm32f3xx_hal_tim.o(i.HAL_TIM_Base_Stop_IT)
    HAL_TIM_ConfigClockSource                0x080016bd   Thumb Code   220  stm32f3xx_hal_tim.o(i.HAL_TIM_ConfigClockSource)
    HAL_TIM_IC_CaptureCallback               0x0800179d   Thumb Code     2  stm32f3xx_hal_tim.o(i.HAL_TIM_IC_CaptureCallback)
    HAL_TIM_IRQHandler                       0x0800179f   Thumb Code   388  stm32f3xx_hal_tim.o(i.HAL_TIM_IRQHandler)
    HAL_TIM_OC_DelayElapsedCallback          0x08001923   Thumb Code     2  stm32f3xx_hal_tim.o(i.HAL_TIM_OC_DelayElapsedCallback)
    HAL_TIM_PWM_PulseFinishedCallback        0x08001925   Thumb Code     2  stm32f3xx_hal_tim.o(i.HAL_TIM_PWM_PulseFinishedCallback)
    HAL_TIM_PeriodElapsedCallback            0x08001929   Thumb Code    30  function.o(i.HAL_TIM_PeriodElapsedCallback)
    HAL_TIM_TriggerCallback                  0x08001951   Thumb Code     2  stm32f3xx_hal_tim.o(i.HAL_TIM_TriggerCallback)
    HardFault_Handler                        0x08001953   Thumb Code     2  stm32f3xx_it.o(i.HardFault_Handler)
    ISR_DMA1_TC                              0x08001bd1   Thumb Code   368  function.o(i.ISR_DMA1_TC)
    LL_ADC_CommonInit                        0x08001d61   Thumb Code    72  stm32f3xx_ll_adc.o(i.LL_ADC_CommonInit)
    LL_ADC_Init                              0x08001db1   Thumb Code    42  stm32f3xx_ll_adc.o(i.LL_ADC_Init)
    LL_ADC_REG_Init                          0x08001ddd   Thumb Code    78  stm32f3xx_ll_adc.o(i.LL_ADC_REG_Init)
    LL_GPIO_Init                             0x08001ee5   Thumb Code   318  stm32f3xx_ll_gpio.o(i.LL_GPIO_Init)
    LL_RCC_GetSystemClocksFreq               0x080021f1   Thumb Code    32  stm32f3xx_ll_rcc.o(i.LL_RCC_GetSystemClocksFreq)
    LL_RCC_GetUSARTClockFreq                 0x08002211   Thumb Code    84  stm32f3xx_ll_rcc.o(i.LL_RCC_GetUSARTClockFreq)
    LL_USART_Init                            0x0800226d   Thumb Code   162  stm32f3xx_ll_usart.o(i.LL_USART_Init)
    MODBUS_CRC16                             0x08002321   Thumb Code    50  function.o(i.MODBUS_CRC16)
    MODS_03H                                 0x08002355   Thumb Code   290  function.o(i.MODS_03H)
    MODS_06H                                 0x08002491   Thumb Code   146  function.o(i.MODS_06H)
    MemManage_Handler                        0x08002e15   Thumb Code     2  stm32f3xx_it.o(i.MemManage_Handler)
    NMI_Handler                              0x08002e17   Thumb Code     2  stm32f3xx_it.o(i.NMI_Handler)
    PIDController_Update                     0x08002e4b   Thumb Code   142  pid.o(i.PIDController_Update)
    PendSV_Handler                           0x08002ed9   Thumb Code     2  stm32f3xx_it.o(i.PendSV_Handler)
    RCC_GetHCLKClockFreq                     0x08002edd   Thumb Code    18  stm32f3xx_ll_rcc.o(i.RCC_GetHCLKClockFreq)
    RCC_GetPCLK1ClockFreq                    0x08002ef9   Thumb Code    20  stm32f3xx_ll_rcc.o(i.RCC_GetPCLK1ClockFreq)
    RCC_GetPCLK2ClockFreq                    0x08002f15   Thumb Code    20  stm32f3xx_ll_rcc.o(i.RCC_GetPCLK2ClockFreq)
    RCC_GetSystemClockFreq                   0x08002f31   Thumb Code    26  stm32f3xx_ll_rcc.o(i.RCC_GetSystemClockFreq)
    RCC_PLL_GetFreqDomain_SYS                0x08002f55   Thumb Code    58  stm32f3xx_ll_rcc.o(i.RCC_PLL_GetFreqDomain_SYS)
    RS485_MODBUS_RTU_req_pdu                 0x08002f99   Thumb Code   114  function.o(i.RS485_MODBUS_RTU_req_pdu)
    SVC_Handler                              0x0800301d   Thumb Code     2  stm32f3xx_it.o(i.SVC_Handler)
    SysTick_Handler                          0x0800301f   Thumb Code     4  stm32f3xx_it.o(i.SysTick_Handler)
    SystemClock_Config                       0x08003023   Thumb Code   142  main.o(i.SystemClock_Config)
    SystemInit                               0x080030b1   Thumb Code    12  system_stm32f3xx.o(i.SystemInit)
    TIM2_IRQHandler                          0x080030c1   Thumb Code     6  function.o(i.TIM2_IRQHandler)
    TIM_Base_SetConfig                       0x080030cd   Thumb Code   114  stm32f3xx_hal_tim.o(i.TIM_Base_SetConfig)
    TIM_ETR_SetConfig                        0x08003155   Thumb Code    20  stm32f3xx_hal_tim.o(i.TIM_ETR_SetConfig)
    USART3_IRQHandler                        0x080031c1   Thumb Code    42  function.o(i.USART3_IRQHandler)
    UsageFault_Handler                       0x080031fd   Thumb Code     2  stm32f3xx_it.o(i.UsageFault_Handler)
    __hardfp_roundf                          0x08003259   Thumb Code   154  roundf.o(i.__hardfp_roundf)
    loop                                     0x080032f3   Thumb Code     2  function.o(i.loop)
    main                                     0x080032f5   Thumb Code   160  main.o(i.main)
    set_duty_boost                           0x080033a9   Thumb Code    68  function.o(i.set_duty_boost)
    set_duty_buck                            0x080033f5   Thumb Code    68  function.o(i.set_duty_buck)
    setup                                    0x08003441   Thumb Code   268  function.o(i.setup)
    u8g2_ClearBuffer                         0x08003585   Thumb Code    20  u8g2_buffer.o(i.u8g2_ClearBuffer)
    u8g2_IsIntersection                      0x08003599   Thumb Code    48  u8g2_intersection.o(i.u8g2_IsIntersection)
    u8g2_SendBuffer                          0x080035c9   Thumb Code    18  u8g2_buffer.o(i.u8g2_SendBuffer)
    u8g2_SetFont                             0x080035db   Thumb Code    32  u8g2_font.o(i.u8g2_SetFont)
    u8g2_SetFontPosBaseline                  0x080035fd   Thumb Code     6  u8g2_font.o(i.u8g2_SetFontPosBaseline)
    u8g2_SetMaxClipWindow                    0x08003609   Thumb Code    28  u8g2_setup.o(i.u8g2_SetMaxClipWindow)
    u8g2_SetupBuffer                         0x08003625   Thumb Code    66  u8g2_setup.o(i.u8g2_SetupBuffer)
    u8g2_Setup_ssd1306_i2c_128x64_noname_f   0x08003669   Thumb Code    42  u8g2_d_setup.o(i.u8g2_Setup_ssd1306_i2c_128x64_noname_f)
    u8g2_UpdateRefHeight                     0x080036a1   Thumb Code    82  u8g2_font.o(i.u8g2_UpdateRefHeight)
    u8g2_draw_hv_line_2dir                   0x08003761   Thumb Code    18  u8g2_hvline.o(i.u8g2_draw_hv_line_2dir)
    u8g2_draw_l90_r0                         0x08003773   Thumb Code    12  u8g2_setup.o(i.u8g2_draw_l90_r0)
    u8g2_font_calc_vref_font                 0x0800377f   Thumb Code     4  u8g2_font.o(i.u8g2_font_calc_vref_font)
    u8g2_is_intersection_decision_tree       0x08003797   Thumb Code    24  u8g2_intersection.o(i.u8g2_is_intersection_decision_tree)
    u8g2_ll_hvline_vertical_top_lsb          0x080037b1   Thumb Code   144  u8g2_ll_hvline.o(i.u8g2_ll_hvline_vertical_top_lsb)
    u8g2_m_16_8_f                            0x08003841   Thumb Code     8  u8g2_d_memory.o(i.u8g2_m_16_8_f)
    u8g2_read_font_info                      0x0800384d   Thumb Code   106  u8g2_font.o(i.u8g2_read_font_info)
    u8g2_update_dimension_r0                 0x0800394b   Thumb Code     4  u8g2_setup.o(i.u8g2_update_dimension_r0)
    u8g2_update_page_win_r0                  0x0800394f   Thumb Code    34  u8g2_setup.o(i.u8g2_update_page_win_r0)
    u8x8_DrawTile                            0x08003971   Thumb Code    30  u8x8_display.o(i.u8x8_DrawTile)
    u8x8_InitDisplay                         0x0800398f   Thumb Code    16  u8x8_display.o(i.u8x8_InitDisplay)
    u8x8_RefreshDisplay                      0x0800399f   Thumb Code    16  u8x8_display.o(i.u8x8_RefreshDisplay)
    u8x8_SetPowerSave                        0x080039af   Thumb Code    16  u8x8_display.o(i.u8x8_SetPowerSave)
    u8x8_Setup                               0x080039bf   Thumb Code    34  u8x8_setup.o(i.u8x8_Setup)
    u8x8_SetupDefaults                       0x080039e1   Thumb Code    32  u8x8_setup.o(i.u8x8_SetupDefaults)
    u8x8_SetupMemory                         0x08003a05   Thumb Code    16  u8x8_display.o(i.u8x8_SetupMemory)
    u8x8_byte_EndTransfer                    0x08003a15   Thumb Code    16  u8x8_byte.o(i.u8x8_byte_EndTransfer)
    u8x8_byte_SendByte                       0x08003a25   Thumb Code    14  u8x8_byte.o(i.u8x8_byte_SendByte)
    u8x8_byte_StartTransfer                  0x08003a33   Thumb Code    16  u8x8_byte.o(i.u8x8_byte_StartTransfer)
    u8x8_byte_hw_i2c                         0x08003a45   Thumb Code    94  function.o(i.u8x8_byte_hw_i2c)
    u8x8_cad_EndTransfer                     0x08003ab1   Thumb Code    16  u8x8_cad.o(i.u8x8_cad_EndTransfer)
    u8x8_cad_SendArg                         0x08003ac1   Thumb Code    16  u8x8_cad.o(i.u8x8_cad_SendArg)
    u8x8_cad_SendCmd                         0x08003ad1   Thumb Code    16  u8x8_cad.o(i.u8x8_cad_SendCmd)
    u8x8_cad_SendData                        0x08003ae1   Thumb Code    16  u8x8_cad.o(i.u8x8_cad_SendData)
    u8x8_cad_SendSequence                    0x08003af1   Thumb Code   104  u8x8_cad.o(i.u8x8_cad_SendSequence)
    u8x8_cad_StartTransfer                   0x08003b59   Thumb Code    16  u8x8_cad.o(i.u8x8_cad_StartTransfer)
    u8x8_cad_ssd13xx_fast_i2c                0x08003b69   Thumb Code   182  u8x8_cad.o(i.u8x8_cad_ssd13xx_fast_i2c)
    u8x8_d_helper_display_init               0x08003c25   Thumb Code    96  u8x8_display.o(i.u8x8_d_helper_display_init)
    u8x8_d_helper_display_setup_memory       0x08003c85   Thumb Code    10  u8x8_display.o(i.u8x8_d_helper_display_setup_memory)
    u8x8_d_ssd1306_128x64_noname             0x08003c91   Thumb Code    54  u8x8_d_ssd1306_128x64_noname.o(i.u8x8_d_ssd1306_128x64_noname)
    u8x8_dummy_cb                            0x08003d95   Thumb Code     4  u8x8_setup.o(i.u8x8_dummy_cb)
    u8x8_gpio_and_delay                      0x08003d99   Thumb Code    16  function.o(i.u8x8_gpio_and_delay)
    u8x8_gpio_call                           0x08003da9   Thumb Code    12  u8x8_gpio.o(i.u8x8_gpio_call)
    __aeabi_d2f                              0x08003de1   Thumb Code     0  d2f.o(x$fpl$d2f)
    _d2f                                     0x08003de1   Thumb Code    98  d2f.o(x$fpl$d2f)
    __aeabi_dadd                             0x08003e45   Thumb Code     0  daddsub_clz.o(x$fpl$dadd)
    _dadd                                    0x08003e45   Thumb Code   332  daddsub_clz.o(x$fpl$dadd)
    __aeabi_d2iz                             0x08003f95   Thumb Code     0  dfix.o(x$fpl$dfix)
    _dfix                                    0x08003f95   Thumb Code    94  dfix.o(x$fpl$dfix)
    __aeabi_i2d                              0x08003ff3   Thumb Code     0  dflt_clz.o(x$fpl$dflt)
    _dflt                                    0x08003ff3   Thumb Code    46  dflt_clz.o(x$fpl$dflt)
    __aeabi_dmul                             0x08004021   Thumb Code     0  dmul.o(x$fpl$dmul)
    _dmul                                    0x08004021   Thumb Code   332  dmul.o(x$fpl$dmul)
    __fpl_dnaninf                            0x08004175   Thumb Code   156  dnaninf.o(x$fpl$dnaninf)
    __fpl_dretinf                            0x08004211   Thumb Code    12  dretinf.o(x$fpl$dretinf)
    __aeabi_dsub                             0x0800421d   Thumb Code     0  daddsub_clz.o(x$fpl$dsub)
    _dsub                                    0x0800421d   Thumb Code   464  daddsub_clz.o(x$fpl$dsub)
    __aeabi_f2d                              0x080043f1   Thumb Code     0  f2d.o(x$fpl$f2d)
    _f2d                                     0x080043f1   Thumb Code    86  f2d.o(x$fpl$f2d)
    __fpl_fnaninf                            0x08004447   Thumb Code   140  fnaninf.o(x$fpl$fnaninf)
    _fp_init                                 0x080044d3   Thumb Code    10  fpinit.o(x$fpl$fpinit)
    __fplib_config_fpu_vfp                   0x080044db   Thumb Code     0  fpinit.o(x$fpl$fpinit)
    __fplib_config_pureend_doubles           0x080044db   Thumb Code     0  fpinit.o(x$fpl$fpinit)
    __fpl_fretinf                            0x080044dd   Thumb Code    10  fretinf.o(x$fpl$fretinf)
    _frnd                                    0x080044e9   Thumb Code    96  frnd.o(x$fpl$frnd)
    __I$use$fp                               0x08004548   Number         0  usenofp.o(x$fpl$usenofp)
    u8g2_font_lubR12_te                      0x0800455c   Data       10055  u8g2_fonts.o(.constdata)
    u8g2_cb_r0                               0x08006ca4   Data          12  u8g2_setup.o(.constdata)
    AHBPrescTable                            0x08006e6a   Data          16  system_stm32f3xx.o(.constdata)
    APBPrescTable                            0x08006e7a   Data           8  system_stm32f3xx.o(.constdata)
    Region$$Table$$Base                      0x08006e84   Number         0  anon$$obj.o(Region$$Table)
    Region$$Table$$Limit                     0x08006ea4   Number         0  anon$$obj.o(Region$$Table)
    RX_Count                                 0x20000000   Data           1  function.o(.data)
    State                                    0x20000001   Data           1  function.o(.data)
    TX_Length                                0x20000003   Data           1  function.o(.data)
    Output_Counter                           0x20000004   Data           4  function.o(.data)
    Output_Voltage                           0x20000008   Data           4  function.o(.data)
    ADC_Result_REG                           0x20000014   Data           8  function.o(.data)
    Vout                                     0x2000001c   Data          64  function.o(.data)
    Vin                                      0x2000005c   Data          64  function.o(.data)
    IL                                       0x2000009c   Data          64  function.o(.data)
    pid_I                                    0x200000dc   Data          56  function.o(.data)
    pid_V                                    0x20000114   Data          56  function.o(.data)
    uwTickFreq                               0x20000150   Data           1  stm32f3xx_hal.o(.data)
    uwTickPrio                               0x20000154   Data           4  stm32f3xx_hal.o(.data)
    uwTick                                   0x20000158   Data           4  stm32f3xx_hal.o(.data)
    SystemCoreClock                          0x2000015c   Data           4  system_stm32f3xx.o(.data)
    TX485_Buffer                             0x20000180   Data         256  function.o(.bss)
    RX485_Buffer                             0x20000280   Data         256  function.o(.bss)
    u8g2                                     0x20000380   Data         148  function.o(.bss)
    hi2c1                                    0x20000a14   Data          84  main.o(.bss)
    hiwdg                                    0x20000a68   Data          16  main.o(.bss)
    htim2                                    0x20000a78   Data          76  main.o(.bss)
    __libspace_start                         0x20000ac4   Data          96  libspace.o(.bss)
    __temporary_stack_top$libspace           0x20000b24   Data           0  libspace.o(.bss)



==============================================================================

Memory Map of the image

  Image Entry point : 0x08000189

  Load Region LR_IROM1 (Base: 0x08000000, Size: 0x00007004, Max: 0x00010000, ABSOLUTE, COMPRESSED[0x00006f04])

    Execution Region ER_IROM1 (Exec base: 0x08000000, Load base: 0x08000000, Size: 0x00006ea4, Max: 0x00010000, ABSOLUTE)

    Exec Addr    Load Addr    Size         Type   Attr      Idx    E Section Name        Object

    0x08000000   0x08000000   0x00000188   Data   RO            3    RESET               startup_stm32f334x8.o
    0x08000188   0x08000188   0x00000008   Code   RO         7627  * !!!main             c_w.l(__main.o)
    0x08000190   0x08000190   0x00000034   Code   RO         7837    !!!scatter          c_w.l(__scatter.o)
    0x080001c4   0x080001c4   0x0000005a   Code   RO         7835    !!dczerorl2         c_w.l(__dczerorl2.o)
    0x0800021e   0x0800021e   0x00000002   PAD
    0x08000220   0x08000220   0x0000001c   Code   RO         7839    !!handler_zi        c_w.l(__scatter_zi.o)
    0x0800023c   0x0800023c   0x00000002   Code   RO         7705    .ARM.Collect$$libinit$$00000000  c_w.l(libinit.o)
    0x0800023e   0x0800023e   0x00000004   Code   RO         7717    .ARM.Collect$$libinit$$00000001  c_w.l(libinit2.o)
    0x08000242   0x08000242   0x00000000   Code   RO         7720    .ARM.Collect$$libinit$$00000004  c_w.l(libinit2.o)
    0x08000242   0x08000242   0x00000000   Code   RO         7723    .ARM.Collect$$libinit$$0000000A  c_w.l(libinit2.o)
    0x08000242   0x08000242   0x00000000   Code   RO         7725    .ARM.Collect$$libinit$$0000000C  c_w.l(libinit2.o)
    0x08000242   0x08000242   0x00000000   Code   RO         7727    .ARM.Collect$$libinit$$0000000E  c_w.l(libinit2.o)
    0x08000242   0x08000242   0x00000000   Code   RO         7730    .ARM.Collect$$libinit$$00000011  c_w.l(libinit2.o)
    0x08000242   0x08000242   0x00000000   Code   RO         7732    .ARM.Collect$$libinit$$00000013  c_w.l(libinit2.o)
    0x08000242   0x08000242   0x00000000   Code   RO         7734    .ARM.Collect$$libinit$$00000015  c_w.l(libinit2.o)
    0x08000242   0x08000242   0x00000000   Code   RO         7736    .ARM.Collect$$libinit$$00000017  c_w.l(libinit2.o)
    0x08000242   0x08000242   0x00000000   Code   RO         7738    .ARM.Collect$$libinit$$00000019  c_w.l(libinit2.o)
    0x08000242   0x08000242   0x00000000   Code   RO         7740    .ARM.Collect$$libinit$$0000001B  c_w.l(libinit2.o)
    0x08000242   0x08000242   0x00000000   Code   RO         7742    .ARM.Collect$$libinit$$0000001D  c_w.l(libinit2.o)
    0x08000242   0x08000242   0x00000000   Code   RO         7744    .ARM.Collect$$libinit$$0000001F  c_w.l(libinit2.o)
    0x08000242   0x08000242   0x00000000   Code   RO         7746    .ARM.Collect$$libinit$$00000021  c_w.l(libinit2.o)
    0x08000242   0x08000242   0x00000000   Code   RO         7748    .ARM.Collect$$libinit$$00000023  c_w.l(libinit2.o)
    0x08000242   0x08000242   0x00000000   Code   RO         7750    .ARM.Collect$$libinit$$00000025  c_w.l(libinit2.o)
    0x08000242   0x08000242   0x00000000   Code   RO         7754    .ARM.Collect$$libinit$$0000002C  c_w.l(libinit2.o)
    0x08000242   0x08000242   0x00000000   Code   RO         7756    .ARM.Collect$$libinit$$0000002E  c_w.l(libinit2.o)
    0x08000242   0x08000242   0x00000000   Code   RO         7758    .ARM.Collect$$libinit$$00000030  c_w.l(libinit2.o)
    0x08000242   0x08000242   0x00000000   Code   RO         7760    .ARM.Collect$$libinit$$00000032  c_w.l(libinit2.o)
    0x08000242   0x08000242   0x00000002   Code   RO         7761    .ARM.Collect$$libinit$$00000033  c_w.l(libinit2.o)
    0x08000244   0x08000244   0x00000002   Code   RO         7792    .ARM.Collect$$libshutdown$$00000000  c_w.l(libshutdown.o)
    0x08000246   0x08000246   0x00000000   Code   RO         7818    .ARM.Collect$$libshutdown$$00000002  c_w.l(libshutdown2.o)
    0x08000246   0x08000246   0x00000000   Code   RO         7820    .ARM.Collect$$libshutdown$$00000004  c_w.l(libshutdown2.o)
    0x08000246   0x08000246   0x00000000   Code   RO         7823    .ARM.Collect$$libshutdown$$00000007  c_w.l(libshutdown2.o)
    0x08000246   0x08000246   0x00000000   Code   RO         7826    .ARM.Collect$$libshutdown$$0000000A  c_w.l(libshutdown2.o)
    0x08000246   0x08000246   0x00000000   Code   RO         7828    .ARM.Collect$$libshutdown$$0000000C  c_w.l(libshutdown2.o)
    0x08000246   0x08000246   0x00000000   Code   RO         7831    .ARM.Collect$$libshutdown$$0000000F  c_w.l(libshutdown2.o)
    0x08000246   0x08000246   0x00000002   Code   RO         7832    .ARM.Collect$$libshutdown$$00000010  c_w.l(libshutdown2.o)
    0x08000248   0x08000248   0x00000000   Code   RO         7659    .ARM.Collect$$rtentry$$00000000  c_w.l(__rtentry.o)
    0x08000248   0x08000248   0x00000000   Code   RO         7676    .ARM.Collect$$rtentry$$00000002  c_w.l(__rtentry2.o)
    0x08000248   0x08000248   0x00000006   Code   RO         7688    .ARM.Collect$$rtentry$$00000004  c_w.l(__rtentry4.o)
    0x0800024e   0x0800024e   0x00000000   Code   RO         7678    .ARM.Collect$$rtentry$$00000009  c_w.l(__rtentry2.o)
    0x0800024e   0x0800024e   0x00000004   Code   RO         7679    .ARM.Collect$$rtentry$$0000000A  c_w.l(__rtentry2.o)
    0x08000252   0x08000252   0x00000000   Code   RO         7681    .ARM.Collect$$rtentry$$0000000C  c_w.l(__rtentry2.o)
    0x08000252   0x08000252   0x00000008   Code   RO         7682    .ARM.Collect$$rtentry$$0000000D  c_w.l(__rtentry2.o)
    0x0800025a   0x0800025a   0x00000002   Code   RO         7709    .ARM.Collect$$rtexit$$00000000  c_w.l(rtexit.o)
    0x0800025c   0x0800025c   0x00000000   Code   RO         7765    .ARM.Collect$$rtexit$$00000002  c_w.l(rtexit2.o)
    0x0800025c   0x0800025c   0x00000004   Code   RO         7766    .ARM.Collect$$rtexit$$00000003  c_w.l(rtexit2.o)
    0x08000260   0x08000260   0x00000006   Code   RO         7767    .ARM.Collect$$rtexit$$00000004  c_w.l(rtexit2.o)
    0x08000266   0x08000266   0x00000002   PAD
    0x08000268   0x08000268   0x00000040   Code   RO            4    .text               startup_stm32f334x8.o
    0x080002a8   0x080002a8   0x000000ee   Code   RO         7617    .text               c_w.l(lludivv7m.o)
    0x08000396   0x08000396   0x00000044   Code   RO         7621    .text               c_w.l(rt_memclr.o)
    0x080003da   0x080003da   0x0000004e   Code   RO         7623    .text               c_w.l(rt_memclr_w.o)
    0x08000428   0x08000428   0x00000006   Code   RO         7625    .text               c_w.l(heapauxi.o)
    0x0800042e   0x0800042e   0x0000004a   Code   RO         7692    .text               c_w.l(sys_stackheap_outer.o)
    0x08000478   0x08000478   0x00000012   Code   RO         7694    .text               c_w.l(exit.o)
    0x0800048a   0x0800048a   0x00000002   PAD
    0x0800048c   0x0800048c   0x00000008   Code   RO         7706    .text               c_w.l(libspace.o)
    0x08000494   0x08000494   0x0000000c   Code   RO         7762    .text               c_w.l(sys_exit.o)
    0x080004a0   0x080004a0   0x00000002   Code   RO         7781    .text               c_w.l(use_no_semi.o)
    0x080004a2   0x080004a2   0x00000000   Code   RO         7783    .text               c_w.l(indicate_semi.o)
    0x080004a2   0x080004a2   0x00000014   Code   RO         4417    i.ADC1_2_IRQHandler  stm32f3xx_it.o
    0x080004b6   0x080004b6   0x00000002   Code   RO         4418    i.BusFault_Handler  stm32f3xx_it.o
    0x080004b8   0x080004b8   0x00000020   Code   RO         4419    i.DMA1_Channel1_IRQHandler  stm32f3xx_it.o
    0x080004d8   0x080004d8   0x00000002   Code   RO         4420    i.DebugMon_Handler  stm32f3xx_it.o
    0x080004da   0x080004da   0x00000032   Code   RO          321    i.First_Order_Transfer_Func_Compute  ctrllib.o
    0x0800050c   0x0800050c   0x00000012   Code   RO          322    i.First_Order_Transfer_Func_Compute_with_Parameter  ctrllib.o
    0x0800051e   0x0800051e   0x00000002   PAD
    0x08000520   0x08000520   0x00000024   Code   RO         4862    i.HAL_Delay         stm32f3xx_hal.o
    0x08000544   0x08000544   0x00000220   Code   RO         5178    i.HAL_GPIO_Init     stm32f3xx_hal_gpio.o
    0x08000764   0x08000764   0x0000000a   Code   RO         5182    i.HAL_GPIO_WritePin  stm32f3xx_hal_gpio.o
    0x0800076e   0x0800076e   0x00000002   PAD
    0x08000770   0x08000770   0x0000000c   Code   RO         4866    i.HAL_GetTick       stm32f3xx_hal.o
    0x0800077c   0x0800077c   0x00000056   Code   RO         6256    i.HAL_I2CEx_ConfigAnalogFilter  stm32f3xx_hal_i2c_ex.o
    0x080007d2   0x080007d2   0x00000052   Code   RO         6257    i.HAL_I2CEx_ConfigDigitalFilter  stm32f3xx_hal_i2c_ex.o
    0x08000824   0x08000824   0x000000b8   Code   RO         5795    i.HAL_I2C_Init      stm32f3xx_hal_i2c.o
    0x080008dc   0x080008dc   0x00000124   Code   RO         5808    i.HAL_I2C_Master_Transmit  stm32f3xx_hal_i2c.o
    0x08000a00   0x08000a00   0x00000064   Code   RO         4512    i.HAL_I2C_MspInit   stm32f3xx_hal_msp.o
    0x08000a64   0x08000a64   0x00000066   Code   RO         7550    i.HAL_IWDG_Init     stm32f3xx_hal_iwdg.o
    0x08000aca   0x08000aca   0x0000000c   Code   RO         7551    i.HAL_IWDG_Refresh  stm32f3xx_hal_iwdg.o
    0x08000ad6   0x08000ad6   0x00000002   PAD
    0x08000ad8   0x08000ad8   0x00000010   Code   RO         4872    i.HAL_IncTick       stm32f3xx_hal.o
    0x08000ae8   0x08000ae8   0x00000024   Code   RO         4873    i.HAL_Init          stm32f3xx_hal.o
    0x08000b0c   0x08000b0c   0x00000040   Code   RO         4874    i.HAL_InitTick      stm32f3xx_hal.o
    0x08000b4c   0x08000b4c   0x0000002c   Code   RO         4513    i.HAL_MspInit       stm32f3xx_hal_msp.o
    0x08000b78   0x08000b78   0x0000001a   Code   RO         5343    i.HAL_NVIC_EnableIRQ  stm32f3xx_hal_cortex.o
    0x08000b92   0x08000b92   0x00000002   PAD
    0x08000b94   0x08000b94   0x00000040   Code   RO         5349    i.HAL_NVIC_SetPriority  stm32f3xx_hal_cortex.o
    0x08000bd4   0x08000bd4   0x00000024   Code   RO         5350    i.HAL_NVIC_SetPriorityGrouping  stm32f3xx_hal_cortex.o
    0x08000bf8   0x08000bf8   0x00000188   Code   RO         5135    i.HAL_RCCEx_PeriphCLKConfig  stm32f3xx_hal_rcc_ex.o
    0x08000d80   0x08000d80   0x00000148   Code   RO         5030    i.HAL_RCC_ClockConfig  stm32f3xx_hal_rcc.o
    0x08000ec8   0x08000ec8   0x0000006c   Code   RO         5039    i.HAL_RCC_GetSysClockFreq  stm32f3xx_hal_rcc.o
    0x08000f34   0x08000f34   0x000005c8   Code   RO         5042    i.HAL_RCC_OscConfig  stm32f3xx_hal_rcc.o
    0x080014fc   0x080014fc   0x00000028   Code   RO         5354    i.HAL_SYSTICK_Config  stm32f3xx_hal_cortex.o
    0x08001524   0x08001524   0x00000002   Code   RO         7217    i.HAL_TIMEx_Break2Callback  stm32f3xx_hal_tim_ex.o
    0x08001526   0x08001526   0x00000002   Code   RO         7218    i.HAL_TIMEx_BreakCallback  stm32f3xx_hal_tim_ex.o
    0x08001528   0x08001528   0x00000002   Code   RO         7219    i.HAL_TIMEx_CommutCallback  stm32f3xx_hal_tim_ex.o
    0x0800152a   0x0800152a   0x00000002   PAD
    0x0800152c   0x0800152c   0x00000074   Code   RO         7238    i.HAL_TIMEx_MasterConfigSynchronization  stm32f3xx_hal_tim_ex.o
    0x080015a0   0x080015a0   0x00000062   Code   RO         6503    i.HAL_TIM_Base_Init  stm32f3xx_hal_tim.o
    0x08001602   0x08001602   0x00000002   PAD
    0x08001604   0x08001604   0x00000024   Code   RO         4515    i.HAL_TIM_Base_MspInit  stm32f3xx_hal_msp.o
    0x08001628   0x08001628   0x00000064   Code   RO         6508    i.HAL_TIM_Base_Start_IT  stm32f3xx_hal_tim.o
    0x0800168c   0x0800168c   0x00000030   Code   RO         6511    i.HAL_TIM_Base_Stop_IT  stm32f3xx_hal_tim.o
    0x080016bc   0x080016bc   0x000000e0   Code   RO         6512    i.HAL_TIM_ConfigClockSource  stm32f3xx_hal_tim.o
    0x0800179c   0x0800179c   0x00000002   Code   RO         6537    i.HAL_TIM_IC_CaptureCallback  stm32f3xx_hal_tim.o
    0x0800179e   0x0800179e   0x00000184   Code   RO         6551    i.HAL_TIM_IRQHandler  stm32f3xx_hal_tim.o
    0x08001922   0x08001922   0x00000002   Code   RO         6554    i.HAL_TIM_OC_DelayElapsedCallback  stm32f3xx_hal_tim.o
    0x08001924   0x08001924   0x00000002   Code   RO         6581    i.HAL_TIM_PWM_PulseFinishedCallback  stm32f3xx_hal_tim.o
    0x08001926   0x08001926   0x00000002   PAD
    0x08001928   0x08001928   0x00000028   Code   RO           13    i.HAL_TIM_PeriodElapsedCallback  function.o
    0x08001950   0x08001950   0x00000002   Code   RO         6594    i.HAL_TIM_TriggerCallback  stm32f3xx_hal_tim.o
    0x08001952   0x08001952   0x00000002   Code   RO         4421    i.HardFault_Handler  stm32f3xx_it.o
    0x08001954   0x08001954   0x00000022   Code   RO         5842    i.I2C_Flush_TXDR    stm32f3xx_hal_i2c.o
    0x08001976   0x08001976   0x00000002   PAD
    0x08001978   0x08001978   0x0000010c   Code   RO         5850    i.I2C_IsErrorOccurred  stm32f3xx_hal_i2c.o
    0x08001a84   0x08001a84   0x00000030   Code   RO         5859    i.I2C_TransferConfig  stm32f3xx_hal_i2c.o
    0x08001ab4   0x08001ab4   0x0000006c   Code   RO         5861    i.I2C_WaitOnFlagUntilTimeout  stm32f3xx_hal_i2c.o
    0x08001b20   0x08001b20   0x00000056   Code   RO         5863    i.I2C_WaitOnSTOPFlagUntilTimeout  stm32f3xx_hal_i2c.o
    0x08001b76   0x08001b76   0x0000005a   Code   RO         5864    i.I2C_WaitOnTXISFlagUntilTimeout  stm32f3xx_hal_i2c.o
    0x08001bd0   0x08001bd0   0x00000190   Code   RO           14    i.ISR_DMA1_TC       function.o
    0x08001d60   0x08001d60   0x00000050   Code   RO         4682    i.LL_ADC_CommonInit  stm32f3xx_ll_adc.o
    0x08001db0   0x08001db0   0x0000002a   Code   RO         4687    i.LL_ADC_Init       stm32f3xx_ll_adc.o
    0x08001dda   0x08001dda   0x00000002   PAD
    0x08001ddc   0x08001ddc   0x00000054   Code   RO         4688    i.LL_ADC_REG_Init   stm32f3xx_ll_adc.o
    0x08001e30   0x08001e30   0x00000030   Code   RO         4259    i.LL_ADC_REG_SetSequencerRanks  main.o
    0x08001e60   0x08001e60   0x00000046   Code   RO         4260    i.LL_ADC_SetChannelSamplingTime  main.o
    0x08001ea6   0x08001ea6   0x00000002   PAD
    0x08001ea8   0x08001ea8   0x00000024   Code   RO         4261    i.LL_ADC_SetChannelSingleDiff  main.o
    0x08001ecc   0x08001ecc   0x00000018   Code   RO         4262    i.LL_AHB1_GRP1_EnableClock  main.o
    0x08001ee4   0x08001ee4   0x0000013e   Code   RO         4768    i.LL_GPIO_Init      stm32f3xx_ll_gpio.o
    0x08002022   0x08002022   0x00000002   PAD
    0x08002024   0x08002024   0x0000003c   Code   RO         4263    i.LL_HRTIM_OUT_SetChopperMode  main.o
    0x08002060   0x08002060   0x0000003c   Code   RO         4264    i.LL_HRTIM_OUT_SetFaultState  main.o
    0x0800209c   0x0800209c   0x0000003c   Code   RO         4265    i.LL_HRTIM_OUT_SetIdleLevel  main.o
    0x080020d8   0x080020d8   0x0000003c   Code   RO         4266    i.LL_HRTIM_OUT_SetIdleMode  main.o
    0x08002114   0x08002114   0x00000028   Code   RO         4267    i.LL_HRTIM_OUT_SetOutputResetSrc  main.o
    0x0800213c   0x0800213c   0x00000028   Code   RO         4268    i.LL_HRTIM_OUT_SetOutputSetSrc  main.o
    0x08002164   0x08002164   0x0000003c   Code   RO         4269    i.LL_HRTIM_OUT_SetPolarity  main.o
    0x080021a0   0x080021a0   0x00000028   Code   RO           15    i.LL_HRTIM_TIM_SetCompare1  function.o
    0x080021c8   0x080021c8   0x00000028   Code   RO           16    i.LL_HRTIM_TIM_SetCompare2  function.o
    0x080021f0   0x080021f0   0x00000020   Code   RO         6386    i.LL_RCC_GetSystemClocksFreq  stm32f3xx_ll_rcc.o
    0x08002210   0x08002210   0x0000005c   Code   RO         6388    i.LL_RCC_GetUSARTClockFreq  stm32f3xx_ll_rcc.o
    0x0800226c   0x0800226c   0x000000b4   Code   RO         7499    i.LL_USART_Init     stm32f3xx_ll_usart.o
    0x08002320   0x08002320   0x00000032   Code   RO           17    i.MODBUS_CRC16      function.o
    0x08002352   0x08002352   0x00000002   PAD
    0x08002354   0x08002354   0x0000013c   Code   RO           18    i.MODS_03H          function.o
    0x08002490   0x08002490   0x000000a0   Code   RO           19    i.MODS_06H          function.o
    0x08002530   0x08002530   0x0000021c   Code   RO         4270    i.MX_ADC1_Init      main.o
    0x0800274c   0x0800274c   0x000000ec   Code   RO         4271    i.MX_GPIO_Init      main.o
    0x08002838   0x08002838   0x00000410   Code   RO         4272    i.MX_HRTIM1_Init    main.o
    0x08002c48   0x08002c48   0x00000054   Code   RO         4273    i.MX_I2C1_Init      main.o
    0x08002c9c   0x08002c9c   0x000000a4   Code   RO         4274    i.MX_TIM2_Init      main.o
    0x08002d40   0x08002d40   0x000000d4   Code   RO         4275    i.MX_USART3_UART_Init  main.o
    0x08002e14   0x08002e14   0x00000002   Code   RO         4422    i.MemManage_Handler  stm32f3xx_it.o
    0x08002e16   0x08002e16   0x00000002   Code   RO         4423    i.NMI_Handler       stm32f3xx_it.o
    0x08002e18   0x08002e18   0x00000032   Code   RO         4276    i.NVIC_EncodePriority  main.o
    0x08002e4a   0x08002e4a   0x0000008e   Code   RO          464    i.PIDController_Update  pid.o
    0x08002ed8   0x08002ed8   0x00000002   Code   RO         4424    i.PendSV_Handler    stm32f3xx_it.o
    0x08002eda   0x08002eda   0x00000002   PAD
    0x08002edc   0x08002edc   0x0000001c   Code   RO         6389    i.RCC_GetHCLKClockFreq  stm32f3xx_ll_rcc.o
    0x08002ef8   0x08002ef8   0x0000001c   Code   RO         6390    i.RCC_GetPCLK1ClockFreq  stm32f3xx_ll_rcc.o
    0x08002f14   0x08002f14   0x0000001c   Code   RO         6391    i.RCC_GetPCLK2ClockFreq  stm32f3xx_ll_rcc.o
    0x08002f30   0x08002f30   0x00000024   Code   RO         6392    i.RCC_GetSystemClockFreq  stm32f3xx_ll_rcc.o
    0x08002f54   0x08002f54   0x00000044   Code   RO         6393    i.RCC_PLL_GetFreqDomain_SYS  stm32f3xx_ll_rcc.o
    0x08002f98   0x08002f98   0x00000084   Code   RO           21    i.RS485_MODBUS_RTU_req_pdu  function.o
    0x0800301c   0x0800301c   0x00000002   Code   RO         4425    i.SVC_Handler       stm32f3xx_it.o
    0x0800301e   0x0800301e   0x00000004   Code   RO         4426    i.SysTick_Handler   stm32f3xx_it.o
    0x08003022   0x08003022   0x0000008e   Code   RO         4277    i.SystemClock_Config  main.o
    0x080030b0   0x080030b0   0x00000010   Code   RO         7581    i.SystemInit        system_stm32f3xx.o
    0x080030c0   0x080030c0   0x0000000c   Code   RO           22    i.TIM2_IRQHandler   function.o
    0x080030cc   0x080030cc   0x00000088   Code   RO         6596    i.TIM_Base_SetConfig  stm32f3xx_hal_tim.o
    0x08003154   0x08003154   0x00000014   Code   RO         6607    i.TIM_ETR_SetConfig  stm32f3xx_hal_tim.o
    0x08003168   0x08003168   0x00000010   Code   RO         6608    i.TIM_ITRx_SetConfig  stm32f3xx_hal_tim.o
    0x08003178   0x08003178   0x00000022   Code   RO         6616    i.TIM_TI1_ConfigInputStage  stm32f3xx_hal_tim.o
    0x0800319a   0x0800319a   0x00000024   Code   RO         6618    i.TIM_TI2_ConfigInputStage  stm32f3xx_hal_tim.o
    0x080031be   0x080031be   0x00000002   PAD
    0x080031c0   0x080031c0   0x0000003c   Code   RO           26    i.USART3_IRQHandler  function.o
    0x080031fc   0x080031fc   0x00000002   Code   RO         4427    i.UsageFault_Handler  stm32f3xx_it.o
    0x080031fe   0x080031fe   0x0000001a   Code   RO         4278    i.__NVIC_EnableIRQ  main.o
    0x08003218   0x08003218   0x00000020   Code   RO         4279    i.__NVIC_SetPriority  main.o
    0x08003238   0x08003238   0x00000020   Code   RO         5356    i.__NVIC_SetPriority  stm32f3xx_hal_cortex.o
    0x08003258   0x08003258   0x0000009a   Code   RO         7655    i.__hardfp_roundf   m_wm.l(roundf.o)
    0x080032f2   0x080032f2   0x00000002   Code   RO           27    i.loop              function.o
    0x080032f4   0x080032f4   0x000000b4   Code   RO         4280    i.main              main.o
    0x080033a8   0x080033a8   0x0000004c   Code   RO           28    i.set_duty_boost    function.o
    0x080033f4   0x080033f4   0x0000004c   Code   RO           29    i.set_duty_buck     function.o
    0x08003440   0x08003440   0x00000144   Code   RO           30    i.setup             function.o
    0x08003584   0x08003584   0x00000014   Code   RO          567    i.u8g2_ClearBuffer  u8g2_buffer.o
    0x08003598   0x08003598   0x00000030   Code   RO         2811    i.u8g2_IsIntersection  u8g2_intersection.o
    0x080035c8   0x080035c8   0x00000012   Code   RO          570    i.u8g2_SendBuffer   u8g2_buffer.o
    0x080035da   0x080035da   0x00000020   Code   RO          787    i.u8g2_SetFont      u8g2_font.o
    0x080035fa   0x080035fa   0x00000002   PAD
    0x080035fc   0x080035fc   0x0000000c   Code   RO          790    i.u8g2_SetFontPosBaseline  u8g2_font.o
    0x08003608   0x08003608   0x0000001c   Code   RO         2999    i.u8g2_SetMaxClipWindow  u8g2_setup.o
    0x08003624   0x08003624   0x00000042   Code   RO         3000    i.u8g2_SetupBuffer  u8g2_setup.o
    0x08003666   0x08003666   0x00000002   PAD
    0x08003668   0x08003668   0x00000038   Code   RO          746    i.u8g2_Setup_ssd1306_i2c_128x64_noname_f  u8g2_d_setup.o
    0x080036a0   0x080036a0   0x00000052   Code   RO          797    i.u8g2_UpdateRefHeight  u8g2_font.o
    0x080036f2   0x080036f2   0x0000006e   Code   RO         3002    i.u8g2_apply_clip_window  u8g2_setup.o
    0x08003760   0x08003760   0x00000012   Code   RO         2755    i.u8g2_draw_hv_line_2dir  u8g2_hvline.o
    0x08003772   0x08003772   0x0000000c   Code   RO         3004    i.u8g2_draw_l90_r0  u8g2_setup.o
    0x0800377e   0x0800377e   0x00000004   Code   RO          804    i.u8g2_font_calc_vref_font  u8g2_font.o
    0x08003782   0x08003782   0x00000014   Code   RO          811    i.u8g2_font_get_word  u8g2_font.o
    0x08003796   0x08003796   0x00000018   Code   RO         2812    i.u8g2_is_intersection_decision_tree  u8g2_intersection.o
    0x080037ae   0x080037ae   0x00000002   PAD
    0x080037b0   0x080037b0   0x00000090   Code   RO         2860    i.u8g2_ll_hvline_vertical_top_lsb  u8g2_ll_hvline.o
    0x08003840   0x08003840   0x0000000c   Code   RO          726    i.u8g2_m_16_8_f     u8g2_d_memory.o
    0x0800384c   0x0800384c   0x0000006a   Code   RO          813    i.u8g2_read_font_info  u8g2_font.o
    0x080038b6   0x080038b6   0x0000004e   Code   RO          578    i.u8g2_send_buffer  u8g2_buffer.o
    0x08003904   0x08003904   0x00000046   Code   RO         3008    i.u8g2_update_dimension_common  u8g2_setup.o
    0x0800394a   0x0800394a   0x00000004   Code   RO         3009    i.u8g2_update_dimension_r0  u8g2_setup.o
    0x0800394e   0x0800394e   0x00000022   Code   RO         3013    i.u8g2_update_page_win_r0  u8g2_setup.o
    0x08003970   0x08003970   0x0000001e   Code   RO         3762    i.u8x8_DrawTile     u8x8_display.o
    0x0800398e   0x0800398e   0x00000010   Code   RO         3764    i.u8x8_InitDisplay  u8x8_display.o
    0x0800399e   0x0800399e   0x00000010   Code   RO         3765    i.u8x8_RefreshDisplay  u8x8_display.o
    0x080039ae   0x080039ae   0x00000010   Code   RO         3768    i.u8x8_SetPowerSave  u8x8_display.o
    0x080039be   0x080039be   0x00000022   Code   RO         4062    i.u8x8_Setup        u8x8_setup.o
    0x080039e0   0x080039e0   0x00000024   Code   RO         4063    i.u8x8_SetupDefaults  u8x8_setup.o
    0x08003a04   0x08003a04   0x00000010   Code   RO         3769    i.u8x8_SetupMemory  u8x8_display.o
    0x08003a14   0x08003a14   0x00000010   Code   RO         3412    i.u8x8_byte_EndTransfer  u8x8_byte.o
    0x08003a24   0x08003a24   0x0000000e   Code   RO         3413    i.u8x8_byte_SendByte  u8x8_byte.o
    0x08003a32   0x08003a32   0x00000010   Code   RO         3416    i.u8x8_byte_StartTransfer  u8x8_byte.o
    0x08003a42   0x08003a42   0x00000002   PAD
    0x08003a44   0x08003a44   0x0000006c   Code   RO           31    i.u8x8_byte_hw_i2c  function.o
    0x08003ab0   0x08003ab0   0x00000010   Code   RO         3532    i.u8x8_cad_EndTransfer  u8x8_cad.o
    0x08003ac0   0x08003ac0   0x00000010   Code   RO         3533    i.u8x8_cad_SendArg  u8x8_cad.o
    0x08003ad0   0x08003ad0   0x00000010   Code   RO         3534    i.u8x8_cad_SendCmd  u8x8_cad.o
    0x08003ae0   0x08003ae0   0x00000010   Code   RO         3535    i.u8x8_cad_SendData  u8x8_cad.o
    0x08003af0   0x08003af0   0x00000068   Code   RO         3537    i.u8x8_cad_SendSequence  u8x8_cad.o
    0x08003b58   0x08003b58   0x00000010   Code   RO         3538    i.u8x8_cad_StartTransfer  u8x8_cad.o
    0x08003b68   0x08003b68   0x000000bc   Code   RO         3541    i.u8x8_cad_ssd13xx_fast_i2c  u8x8_cad.o
    0x08003c24   0x08003c24   0x00000060   Code   RO         3770    i.u8x8_d_helper_display_init  u8x8_display.o
    0x08003c84   0x08003c84   0x0000000a   Code   RO         3771    i.u8x8_d_helper_display_setup_memory  u8x8_display.o
    0x08003c8e   0x08003c8e   0x00000002   PAD
    0x08003c90   0x08003c90   0x0000003c   Code   RO         3702    i.u8x8_d_ssd1306_128x64_noname  u8x8_d_ssd1306_128x64_noname.o
    0x08003ccc   0x08003ccc   0x000000c8   Code   RO         3704    i.u8x8_d_ssd1306_sh1106_generic  u8x8_d_ssd1306_128x64_noname.o
    0x08003d94   0x08003d94   0x00000004   Code   RO         4065    i.u8x8_dummy_cb     u8x8_setup.o
    0x08003d98   0x08003d98   0x00000010   Code   RO           32    i.u8x8_gpio_and_delay  function.o
    0x08003da8   0x08003da8   0x0000000c   Code   RO         3984    i.u8x8_gpio_call    u8x8_gpio.o
    0x08003db4   0x08003db4   0x0000002c   Code   RO         3547    i.u8x8_i2c_data_transfer  u8x8_cad.o
    0x08003de0   0x08003de0   0x00000062   Code   RO         7629    x$fpl$d2f           fz_wm.l(d2f.o)
    0x08003e42   0x08003e42   0x00000002   PAD
    0x08003e44   0x08003e44   0x00000150   Code   RO         7631    x$fpl$dadd          fz_wm.l(daddsub_clz.o)
    0x08003f94   0x08003f94   0x0000005e   Code   RO         7641    x$fpl$dfix          fz_wm.l(dfix.o)
    0x08003ff2   0x08003ff2   0x0000002e   Code   RO         7646    x$fpl$dflt          fz_wm.l(dflt_clz.o)
    0x08004020   0x08004020   0x00000154   Code   RO         7651    x$fpl$dmul          fz_wm.l(dmul.o)
    0x08004174   0x08004174   0x0000009c   Code   RO         7664    x$fpl$dnaninf       fz_wm.l(dnaninf.o)
    0x08004210   0x08004210   0x0000000c   Code   RO         7666    x$fpl$dretinf       fz_wm.l(dretinf.o)
    0x0800421c   0x0800421c   0x000001d4   Code   RO         7633    x$fpl$dsub          fz_wm.l(daddsub_clz.o)
    0x080043f0   0x080043f0   0x00000056   Code   RO         7653    x$fpl$f2d           fz_wm.l(f2d.o)
    0x08004446   0x08004446   0x0000008c   Code   RO         7668    x$fpl$fnaninf       fz_wm.l(fnaninf.o)
    0x080044d2   0x080044d2   0x0000000a   Code   RO         7777    x$fpl$fpinit        fz_wm.l(fpinit.o)
    0x080044dc   0x080044dc   0x0000000a   Code   RO         7670    x$fpl$fretinf       fz_wm.l(fretinf.o)
    0x080044e6   0x080044e6   0x00000002   PAD
    0x080044e8   0x080044e8   0x00000060   Code   RO         7672    x$fpl$frnd          fz_wm.l(frnd.o)
    0x08004548   0x08004548   0x00000000   Code   RO         7674    x$fpl$usenofp       fz_wm.l(usenofp.o)
    0x08004548   0x08004548   0x00000014   Data   RO           34    .constdata          function.o
    0x0800455c   0x0800455c   0x00002747   Data   RO         2306    .constdata          u8g2_fonts.o
    0x08006ca3   0x08006ca3   0x00000001   PAD
    0x08006ca4   0x08006ca4   0x0000000c   Data   RO         3017    .constdata          u8g2_setup.o
    0x08006cb0   0x08006cb0   0x00000114   Data   RO         3705    .constdata          u8x8_d_ssd1306_128x64_noname.o
    0x08006dc4   0x08006dc4   0x00000086   Data   RO         4282    .constdata          main.o
    0x08006e4a   0x08006e4a   0x00000020   Data   RO         5043    .constdata          stm32f3xx_hal_rcc.o
    0x08006e6a   0x08006e6a   0x00000010   Data   RO         7582    .constdata          system_stm32f3xx.o
    0x08006e7a   0x08006e7a   0x00000008   Data   RO         7583    .constdata          system_stm32f3xx.o
    0x08006e82   0x08006e82   0x00000002   PAD
    0x08006e84   0x08006e84   0x00000020   Data   RO         7833    Region$$Table       anon$$obj.o


    Execution Region RW_IRAM2 (Exec base: 0x10000000, Load base: 0x08006f04, Size: 0x00000000, Max: 0x00001000, ABSOLUTE)

    **** No section assigned to this execution region ****


    Execution Region RW_IRAM1 (Exec base: 0x20000000, Load base: 0x08006ea4, Size: 0x00001128, Max: 0x00003000, ABSOLUTE, COMPRESSED[0x00000060])

    Exec Addr    Load Addr    Size         Type   Attr      Idx    E Section Name        Object

    0x20000000   COMPRESSED   0x0000014c   Data   RW           35    .data               function.o
    0x2000014c   COMPRESSED   0x00000004   Data   RW         3549    .data               u8x8_cad.o
    0x20000150   COMPRESSED   0x0000000c   Data   RW         4880    .data               stm32f3xx_hal.o
    0x2000015c   COMPRESSED   0x00000004   Data   RW         7584    .data               system_stm32f3xx.o
    0x20000160        -       0x000002b4   Zero   RW           33    .bss                function.o
    0x20000414        -       0x00000600   Zero   RW          727    .bss                u8g2_d_memory.o
    0x20000a14        -       0x000000b0   Zero   RW         4281    .bss                main.o
    0x20000ac4        -       0x00000060   Zero   RW         7707    .bss                c_w.l(libspace.o)
    0x20000b24   COMPRESSED   0x00000004   PAD
    0x20000b28        -       0x00000200   Zero   RW            2    HEAP                startup_stm32f334x8.o
    0x20000d28        -       0x00000400   Zero   RW            1    STACK               startup_stm32f334x8.o


==============================================================================

Image component sizes


      Code (inc. data)   RO Data    RW Data    ZI Data      Debug   Object Name

        68          0          0          0          0       1639   ctrllib.o
      1852        222         20        332        692     965145   function.o
      3264        192        134          0        176     193047   main.o
       142          0          0          0          0       1103   pid.o
        64         26        392          0       1536        848   startup_stm32f334x8.o
       164         28          0         12          0      15233   stm32f3xx_hal.o
       198         14          0          0          0      32279   stm32f3xx_hal_cortex.o
       554         26          0          0          0       2288   stm32f3xx_hal_gpio.o
      1110         24          0          0          0       9365   stm32f3xx_hal_i2c.o
       168          0          0          0          0       1923   stm32f3xx_hal_i2c_ex.o
       114          0          0          0          0       1927   stm32f3xx_hal_iwdg.o
       180         24          0          0          0       2203   stm32f3xx_hal_msp.o
      1916         48         32          0          0       4578   stm32f3xx_hal_rcc.o
       392         14          0          0          0       1480   stm32f3xx_hal_rcc_ex.o
      1108         44          0          0          0      10924   stm32f3xx_hal_tim.o
       122         12          0          0          0       3112   stm32f3xx_hal_tim_ex.o
        72          6          0          0          0      67945   stm32f3xx_it.o
       206         14          0          0          0      62640   stm32f3xx_ll_adc.o
       318          0          0          0          0       7079   stm32f3xx_ll_gpio.o
       312         54          0          0          0      20474   stm32f3xx_ll_rcc.o
       180         18          0          0          0      21496   stm32f3xx_ll_usart.o
        16          4         24          4          0       1139   system_stm32f3xx.o
         0          0          0          0          0     138555   u8g2_bitmap.o
       116          0          0          0          0       2519   u8g2_buffer.o
        12          4          0          0       1536       1292   u8g2_d_memory.o
        56         14          0          0          0       1053   u8g2_d_setup.o
       256          6          0          0          0       5280   u8g2_font.o
         0          0      10055          0          0     123352   u8g2_fonts.o
        18          0          0          0          0        665   u8g2_hvline.o
        72          0          0          0          0       1915   u8g2_intersection.o
       144          0          0          0          0       1382   u8g2_ll_hvline.o
       324          0         12          0          0     126344   u8g2_setup.o
        46          0          0          0          0       1727   u8x8_byte.o
       416         12          0          4          0       7758   u8x8_cad.o
       260         10        276          0          0       2915   u8x8_d_ssd1306_128x64_noname.o
       200          0          0          0          0       4462   u8x8_display.o
        12          0          0          0          0        605   u8x8_gpio.o
        74          4          0          0          0       1806   u8x8_setup.o

    ----------------------------------------------------------------------
     14564        820      10980        352       3940    1849497   Object Totals
         0          0         32          0          0          0   (incl. Generated)
        38          0          3          0          0          0   (incl. Padding)

    ----------------------------------------------------------------------

      Code (inc. data)   RO Data    RW Data    ZI Data      Debug   Library Member Name

        90          0          0          0          0          0   __dczerorl2.o
         8          0          0          0          0         68   __main.o
         0          0          0          0          0          0   __rtentry.o
        12          0          0          0          0          0   __rtentry2.o
         6          0          0          0          0          0   __rtentry4.o
        52          8          0          0          0          0   __scatter.o
        28          0          0          0          0          0   __scatter_zi.o
        18          0          0          0          0         80   exit.o
         6          0          0          0          0        152   heapauxi.o
         0          0          0          0          0          0   indicate_semi.o
         2          0          0          0          0          0   libinit.o
         6          0          0          0          0          0   libinit2.o
         2          0          0          0          0          0   libshutdown.o
         2          0          0          0          0          0   libshutdown2.o
         8          4          0          0         96         68   libspace.o
       238          0          0          0          0        100   lludivv7m.o
        68          0          0          0          0         68   rt_memclr.o
        78          0          0          0          0         80   rt_memclr_w.o
         2          0          0          0          0          0   rtexit.o
        10          0          0          0          0          0   rtexit2.o
        12          4          0          0          0         68   sys_exit.o
        74          0          0          0          0         80   sys_stackheap_outer.o
         2          0          0          0          0         68   use_no_semi.o
        98          4          0          0          0        140   d2f.o
       804         16          0          0          0        368   daddsub_clz.o
        94          4          0          0          0        140   dfix.o
        46          0          0          0          0        116   dflt_clz.o
       340         12          0          0          0        152   dmul.o
       156          4          0          0          0        140   dnaninf.o
        12          0          0          0          0        116   dretinf.o
        86          4          0          0          0        132   f2d.o
       140          4          0          0          0        132   fnaninf.o
        10          0          0          0          0        116   fpinit.o
        10          0          0          0          0        116   fretinf.o
        96          4          0          0          0        124   frnd.o
         0          0          0          0          0          0   usenofp.o
       154          0          0          0          0        140   roundf.o

    ----------------------------------------------------------------------
      2780         68          0          0        100       2764   Library Totals
        10          0          0          0          4          0   (incl. Padding)

    ----------------------------------------------------------------------

      Code (inc. data)   RO Data    RW Data    ZI Data      Debug   Library Name

       724         16          0          0         96        832   c_w.l
      1892         52          0          0          0       1792   fz_wm.l
       154          0          0          0          0        140   m_wm.l

    ----------------------------------------------------------------------
      2780         68          0          0        100       2764   Library Totals

    ----------------------------------------------------------------------

==============================================================================


      Code (inc. data)   RO Data    RW Data    ZI Data      Debug   

     17344        888      10980        352       4040    1835949   Grand Totals
     17344        888      10980         96       4040    1835949   ELF Image Totals (compressed)
     17344        888      10980         96          0          0   ROM Totals

==============================================================================

    Total RO  Size (Code + RO Data)                28324 (  27.66kB)
    Total RW  Size (RW Data + ZI Data)              4392 (   4.29kB)
    Total ROM Size (Code + RO Data + RW Data)      28420 (  27.75kB)

==============================================================================

